2025-11-01T18:20:24.128651+00:00 mozestibor-ThinkPad-T14-Gen-2a systemd-modules-load[408]: Inserted module 'lp'
2025-11-01T18:20:24.128782+00:00 mozestibor-ThinkPad-T14-Gen-2a systemd-modules-load[408]: Inserted module 'ppdev'
2025-11-01T18:20:24.128797+00:00 mozestibor-ThinkPad-T14-Gen-2a systemd-modules-load[408]: Inserted module 'parport_pc'
2025-11-01T18:20:24.128804+00:00 mozestibor-ThinkPad-T14-Gen-2a systemd-modules-load[408]: Inserted module 'msr'
2025-11-01T18:20:24.128812+00:00 mozestibor-ThinkPad-T14-Gen-2a systemd-sysusers[430]: Creating group 'gamemode' with GID 986.
2025-11-01T18:20:24.128820+00:00 mozestibor-ThinkPad-T14-Gen-2a systemd-sysusers[430]: Creating group 'gnome-initial-setup' with GID 985.
2025-11-01T18:20:24.128827+00:00 mozestibor-ThinkPad-T14-Gen-2a systemd[1]: Mounted snap-bare-5.mount - Mount unit for bare, revision 5.
2025-11-01T18:20:24.128835+00:00 mozestibor-ThinkPad-T14-Gen-2a systemd[1]: Mounted snap-core22-2045.mount - Mount unit for core22, revision 2045.
2025-11-01T18:20:24.128846+00:00 mozestibor-ThinkPad-T14-Gen-2a systemd[1]: Mounted snap-firefox-6565.mount - Mount unit for firefox, revision 6565.
2025-11-01T18:20:24.128854+00:00 mozestibor-ThinkPad-T14-Gen-2a systemd[1]: Mounted snap-firmware\x2dupdater-167.mount - Mount unit for firmware-updater, revision 167.
2025-11-01T18:20:24.128860+00:00 mozestibor-ThinkPad-T14-Gen-2a systemd[1]: Mounted snap-gnome\x2d42\x2d2204-202.mount - Mount unit for gnome-42-2204, revision 202.
2025-11-01T18:20:24.128868+00:00 mozestibor-ThinkPad-T14-Gen-2a systemd[1]: Mounted snap-gtk\x2dcommon\x2dthemes-1535.mount - Mount unit for gtk-common-themes, revision 1535.
2025-11-01T18:20:24.128875+00:00 mozestibor-ThinkPad-T14-Gen-2a systemd[1]: Mounted snap-snap\x2dstore-1270.mount - Mount unit for snap-store, revision 1270.
2025-11-01T18:20:24.128886+00:00 mozestibor-ThinkPad-T14-Gen-2a systemd[1]: Mounted snap-snapd-24792.mount - Mount unit for snapd, revision 24792.
2025-11-01T18:20:24.128894+00:00 mozestibor-ThinkPad-T14-Gen-2a systemd[1]: Mounted snap-snapd\x2ddesktop\x2dintegration-315.mount - Mount unit for snapd-desktop-integration, revision 315.
2025-11-01T18:20:24.128900+00:00 mozestibor-ThinkPad-T14-Gen-2a systemd[1]: Mounted snap-thunderbird-769.mount - Mount unit for thunderbird, revision 769.
2025-11-01T18:20:24.128907+00:00 mozestibor-ThinkPad-T14-Gen-2a systemd[1]: Reached target snapd.mounts.target - Mounted snaps.
2025-11-01T18:20:24.128910+00:00 mozestibor-ThinkPad-T14-Gen-2a kernel: Linux version 6.14.0-34-generic (buildd@lcy02-amd64-009) (x86_64-linux-gnu-gcc-13 (Ubuntu 13.3.0-6ubuntu2~24.04) 13.3.0, GNU ld (GNU Binutils for Ubuntu) 2.42) #34~24.04.1-Ubuntu SMP PREEMPT_DYNAMIC Tue Sep 23 15:35:20 UTC 2 (Ubuntu 6.14.0-34.34~24.04.1-generic 6.14.11)
2025-11-01T18:20:24.128913+00:00 mozestibor-ThinkPad-T14-Gen-2a systemd-udevd[449]: Using default interface naming scheme 'v255'.
2025-11-01T18:20:24.128919+00:00 mozestibor-ThinkPad-T14-Gen-2a kernel: Command line: BOOT_IMAGE=/boot/vmlinuz-6.14.0-34-generic root=UUID=c1877e8c-f15a-43cf-b86b-b4209f8d87aa ro quiet splash vt.handoff=7
2025-11-01T18:20:24.128920+00:00 mozestibor-ThinkPad-T14-Gen-2a kernel: KERNEL supported cpus:
2025-11-01T18:20:24.128923+00:00 mozestibor-ThinkPad-T14-Gen-2a kernel:   Intel GenuineIntel
2025-11-01T18:20:24.128925+00:00 mozestibor-ThinkPad-T14-Gen-2a kernel:   AMD AuthenticAMD
2025-11-01T18:20:24.128920+00:00 mozestibor-ThinkPad-T14-Gen-2a systemd[1]: Starting systemd-journal-flush.service - Flush Journal to Persistent Storage...
2025-11-01T18:20:24.128928+00:00 mozestibor-ThinkPad-T14-Gen-2a kernel:   Hygon HygonGenuine
2025-11-01T18:20:24.128930+00:00 mozestibor-ThinkPad-T14-Gen-2a kernel:   Centaur CentaurHauls
2025-11-01T18:20:24.128935+00:00 mozestibor-ThinkPad-T14-Gen-2a kernel:   zhaoxin   Shanghai  
2025-11-01T18:20:24.128932+00:00 mozestibor-ThinkPad-T14-Gen-2a systemd[1]: Started systemd-udevd.service - Rule-based Manager for Device Events and Files.
2025-11-01T18:20:24.128938+00:00 mozestibor-ThinkPad-T14-Gen-2a kernel: BIOS-provided physical RAM map:
2025-11-01T18:20:24.128940+00:00 mozestibor-ThinkPad-T14-Gen-2a kernel: BIOS-e820: [mem 0x0000000000000000-0x000000000009efff] usable
2025-11-01T18:20:24.128942+00:00 mozestibor-ThinkPad-T14-Gen-2a kernel: BIOS-e820: [mem 0x000000000009f000-0x000000000009ffff] reserved
2025-11-01T18:20:24.128940+00:00 mozestibor-ThinkPad-T14-Gen-2a systemd[1]: Finished systemd-journal-flush.service - Flush Journal to Persistent Storage.
2025-11-01T18:20:24.128944+00:00 mozestibor-ThinkPad-T14-Gen-2a kernel: BIOS-e820: [mem 0x00000000000e0000-0x00000000000fffff] reserved
2025-11-01T18:20:24.128947+00:00 mozestibor-ThinkPad-T14-Gen-2a kernel: BIOS-e820: [mem 0x0000000000100000-0x0000000009bfffff] usable
2025-11-01T18:20:24.128947+00:00 mozestibor-ThinkPad-T14-Gen-2a systemd[1]: Finished systemd-udev-trigger.service - Coldplug All udev Devices.
2025-11-01T18:20:24.128952+00:00 mozestibor-ThinkPad-T14-Gen-2a kernel: BIOS-e820: [mem 0x0000000009c00000-0x0000000009da0fff] reserved
2025-11-01T18:20:24.128954+00:00 mozestibor-ThinkPad-T14-Gen-2a kernel: BIOS-e820: [mem 0x0000000009da1000-0x0000000009efffff] usable
2025-11-01T18:20:24.128956+00:00 mozestibor-ThinkPad-T14-Gen-2a kernel: BIOS-e820: [mem 0x0000000009f00000-0x0000000009f0cfff] ACPI NVS
2025-11-01T18:20:24.128954+00:00 mozestibor-ThinkPad-T14-Gen-2a systemd[1]: Found device dev-disk-by\x2duuid-D210\x2dCACA.device - WDC PC SN730 SDBQNTY-512G-1001 1.
2025-11-01T18:20:24.128958+00:00 mozestibor-ThinkPad-T14-Gen-2a kernel: BIOS-e820: [mem 0x0000000009f0d000-0x00000000c4d7dfff] usable
2025-11-01T18:20:24.128961+00:00 mozestibor-ThinkPad-T14-Gen-2a kernel: BIOS-e820: [mem 0x00000000c4d7e000-0x00000000caf7dfff] reserved
2025-11-01T18:20:24.128961+00:00 mozestibor-ThinkPad-T14-Gen-2a kernel: BIOS-e820: [mem 0x00000000caf7e000-0x00000000cbf7dfff] ACPI NVS
2025-11-01T18:20:24.128964+00:00 mozestibor-ThinkPad-T14-Gen-2a kernel: BIOS-e820: [mem 0x00000000cbf7e000-0x00000000cbffdfff] ACPI data
2025-11-01T18:20:24.128961+00:00 mozestibor-ThinkPad-T14-Gen-2a systemd[1]: Starting plymouth-start.service - Show Plymouth Boot Screen...
2025-11-01T18:20:24.128969+00:00 mozestibor-ThinkPad-T14-Gen-2a kernel: BIOS-e820: [mem 0x00000000cbffe000-0x00000000cdffffff] usable
2025-11-01T18:20:24.128971+00:00 mozestibor-ThinkPad-T14-Gen-2a kernel: BIOS-e820: [mem 0x00000000ce000000-0x00000000cfffffff] reserved
2025-11-01T18:20:24.128974+00:00 mozestibor-ThinkPad-T14-Gen-2a kernel: BIOS-e820: [mem 0x00000000f8000000-0x00000000fbffffff] reserved
2025-11-01T18:20:24.128976+00:00 mozestibor-ThinkPad-T14-Gen-2a kernel: BIOS-e820: [mem 0x00000000fdc00000-0x00000000fdcfffff] reserved
2025-11-01T18:20:24.128969+00:00 mozestibor-ThinkPad-T14-Gen-2a systemd[1]: Starting systemd-fsck@dev-disk-by\x2duuid-D210\x2dCACA.service - File System Check on /dev/disk/by-uuid/D210-CACA...
2025-11-01T18:20:24.128979+00:00 mozestibor-ThinkPad-T14-Gen-2a kernel: BIOS-e820: [mem 0x00000000fed80000-0x00000000fed80fff] reserved
2025-11-01T18:20:24.128982+00:00 mozestibor-ThinkPad-T14-Gen-2a kernel: BIOS-e820: [mem 0x0000000100000000-0x00000003ee2fffff] usable
2025-11-01T18:20:24.128983+00:00 mozestibor-ThinkPad-T14-Gen-2a systemd[1]: Started systemd-fsckd.service - File System Check Daemon to report status.
2025-11-01T18:20:24.128986+00:00 mozestibor-ThinkPad-T14-Gen-2a kernel: BIOS-e820: [mem 0x00000003ee300000-0x000000042fffffff] reserved
2025-11-01T18:20:24.128989+00:00 mozestibor-ThinkPad-T14-Gen-2a kernel: NX (Execute Disable) protection: active
2025-11-01T18:20:24.128991+00:00 mozestibor-ThinkPad-T14-Gen-2a kernel: APIC: Static calls initialized
2025-11-01T18:20:24.128993+00:00 mozestibor-ThinkPad-T14-Gen-2a kernel: e820: update [mem 0x97945018-0x97952857] usable ==> usable
2025-11-01T18:20:24.128991+00:00 mozestibor-ThinkPad-T14-Gen-2a systemd[1]: Started plymouth-start.service - Show Plymouth Boot Screen.
2025-11-01T18:20:24.128995+00:00 mozestibor-ThinkPad-T14-Gen-2a kernel: extended physical RAM map:
2025-11-01T18:20:24.128997+00:00 mozestibor-ThinkPad-T14-Gen-2a kernel: reserve setup_data: [mem 0x0000000000000000-0x000000000009efff] usable
2025-11-01T18:20:24.128999+00:00 mozestibor-ThinkPad-T14-Gen-2a kernel: reserve setup_data: [mem 0x000000000009f000-0x000000000009ffff] reserved
2025-11-01T18:20:24.128999+00:00 mozestibor-ThinkPad-T14-Gen-2a systemd[1]: systemd-ask-password-console.path - Dispatch Password Requests to Console Directory Watch was skipped because of an unmet condition check (ConditionPathExists=!/run/plymouth/pid).
2025-11-01T18:20:24.129014+00:00 mozestibor-ThinkPad-T14-Gen-2a kernel: reserve setup_data: [mem 0x00000000000e0000-0x00000000000fffff] reserved
2025-11-01T18:20:24.129016+00:00 mozestibor-ThinkPad-T14-Gen-2a kernel: reserve setup_data: [mem 0x0000000000100000-0x0000000009bfffff] usable
2025-11-01T18:20:24.129018+00:00 mozestibor-ThinkPad-T14-Gen-2a kernel: reserve setup_data: [mem 0x0000000009c00000-0x0000000009da0fff] reserved
2025-11-01T18:20:24.129020+00:00 mozestibor-ThinkPad-T14-Gen-2a kernel: reserve setup_data: [mem 0x0000000009da1000-0x0000000009efffff] usable
2025-11-01T18:20:24.129018+00:00 mozestibor-ThinkPad-T14-Gen-2a systemd[1]: Started systemd-ask-password-plymouth.path - Forward Password Requests to Plymouth Directory Watch.
2025-11-01T18:20:24.129023+00:00 mozestibor-ThinkPad-T14-Gen-2a kernel: reserve setup_data: [mem 0x0000000009f00000-0x0000000009f0cfff] ACPI NVS
2025-11-01T18:20:24.129024+00:00 mozestibor-ThinkPad-T14-Gen-2a kernel: reserve setup_data: [mem 0x0000000009f0d000-0x0000000097945017] usable
2025-11-01T18:20:24.129030+00:00 mozestibor-ThinkPad-T14-Gen-2a kernel: reserve setup_data: [mem 0x0000000097945018-0x0000000097952857] usable
2025-11-01T18:20:24.129032+00:00 mozestibor-ThinkPad-T14-Gen-2a kernel: reserve setup_data: [mem 0x0000000097952858-0x00000000c4d7dfff] usable
2025-11-01T18:20:24.129034+00:00 mozestibor-ThinkPad-T14-Gen-2a kernel: reserve setup_data: [mem 0x00000000c4d7e000-0x00000000caf7dfff] reserved
2025-11-01T18:20:24.129027+00:00 mozestibor-ThinkPad-T14-Gen-2a systemd[1]: Reached target cryptsetup.target - Local Encrypted Volumes.
2025-11-01T18:20:24.129036+00:00 mozestibor-ThinkPad-T14-Gen-2a kernel: reserve setup_data: [mem 0x00000000caf7e000-0x00000000cbf7dfff] ACPI NVS
2025-11-01T18:20:24.129038+00:00 mozestibor-ThinkPad-T14-Gen-2a kernel: reserve setup_data: [mem 0x00000000cbf7e000-0x00000000cbffdfff] ACPI data
2025-11-01T18:20:24.129040+00:00 mozestibor-ThinkPad-T14-Gen-2a kernel: reserve setup_data: [mem 0x00000000cbffe000-0x00000000cdffffff] usable
2025-11-01T18:20:24.129038+00:00 mozestibor-ThinkPad-T14-Gen-2a systemd-fsck[554]: fsck.fat 4.2 (2021-01-31)
2025-11-01T18:20:24.129045+00:00 mozestibor-ThinkPad-T14-Gen-2a kernel: reserve setup_data: [mem 0x00000000ce000000-0x00000000cfffffff] reserved
2025-11-01T18:20:24.129045+00:00 mozestibor-ThinkPad-T14-Gen-2a systemd-fsck[554]: /dev/nvme0n1p1: 11 files, 1572/274658 clusters
2025-11-01T18:20:24.129047+00:00 mozestibor-ThinkPad-T14-Gen-2a kernel: reserve setup_data: [mem 0x00000000f8000000-0x00000000fbffffff] reserved
2025-11-01T18:20:24.129051+00:00 mozestibor-ThinkPad-T14-Gen-2a kernel: reserve setup_data: [mem 0x00000000fdc00000-0x00000000fdcfffff] reserved
2025-11-01T18:20:24.129053+00:00 mozestibor-ThinkPad-T14-Gen-2a kernel: reserve setup_data: [mem 0x00000000fed80000-0x00000000fed80fff] reserved
2025-11-01T18:20:24.129054+00:00 mozestibor-ThinkPad-T14-Gen-2a kernel: reserve setup_data: [mem 0x0000000100000000-0x00000003ee2fffff] usable
2025-11-01T18:20:24.129053+00:00 mozestibor-ThinkPad-T14-Gen-2a systemd[1]: Finished systemd-fsck@dev-disk-by\x2duuid-D210\x2dCACA.service - File System Check on /dev/disk/by-uuid/D210-CACA.
2025-11-01T18:20:24.129057+00:00 mozestibor-ThinkPad-T14-Gen-2a kernel: reserve setup_data: [mem 0x00000003ee300000-0x000000042fffffff] reserved
2025-11-01T18:20:24.129059+00:00 mozestibor-ThinkPad-T14-Gen-2a kernel: efi: EFI v2.7 by Lenovo
2025-11-01T18:20:24.129060+00:00 mozestibor-ThinkPad-T14-Gen-2a mtp-probe: checking bus 3, device 2: "/sys/devices/pci0000:00/0000:00:08.1/0000:07:00.4/usb3/3-3"
2025-11-01T18:20:24.129064+00:00 mozestibor-ThinkPad-T14-Gen-2a kernel: efi: ACPI=0xcbffd000 ACPI 2.0=0xcbffd014 SMBIOS=0xc7e65000 SMBIOS 3.0=0xc7e58000 TPMFinalLog=0xcbe1d000 MEMATTR=0xc12cd018 ESRT=0xc1c95018 MOKvar=0xc7e96000 INITRD=0x99ca4918 RNG=0xcbffc018 TPMEventLog=0xcbfec018 
2025-11-01T18:20:24.129066+00:00 mozestibor-ThinkPad-T14-Gen-2a kernel: random: crng init done
2025-11-01T18:20:24.129068+00:00 mozestibor-ThinkPad-T14-Gen-2a kernel: efi: Remove mem80: MMIO range=[0xfdc00000-0xfdcfffff] (1MB) from e820 map
2025-11-01T18:20:24.129070+00:00 mozestibor-ThinkPad-T14-Gen-2a kernel: e820: remove [mem 0xfdc00000-0xfdcfffff] reserved
2025-11-01T18:20:24.129072+00:00 mozestibor-ThinkPad-T14-Gen-2a kernel: efi: Not removing mem81: MMIO range=[0xfed80000-0xfed80fff] (4KB) from e820 map
2025-11-01T18:20:24.129068+00:00 mozestibor-ThinkPad-T14-Gen-2a mtp-probe: bus: 3, device: 2 was not an MTP device
2025-11-01T18:20:24.129074+00:00 mozestibor-ThinkPad-T14-Gen-2a kernel: SMBIOS 3.3.0 present.
2025-11-01T18:20:24.129079+00:00 mozestibor-ThinkPad-T14-Gen-2a kernel: DMI: LENOVO 20XLS02A00/20XLS02A00, BIOS R1MET49W (1.19 ) 06/27/2022
2025-11-01T18:20:24.129082+00:00 mozestibor-ThinkPad-T14-Gen-2a kernel: DMI: Memory slots populated: 1/2
2025-11-01T18:20:24.129084+00:00 mozestibor-ThinkPad-T14-Gen-2a kernel: secureboot: Secure boot enabled
2025-11-01T18:20:24.129078+00:00 mozestibor-ThinkPad-T14-Gen-2a systemd[1]: Listening on systemd-rfkill.socket - Load/Save RF Kill Switch Status /dev/rfkill Watch.
2025-11-01T18:20:24.129086+00:00 mozestibor-ThinkPad-T14-Gen-2a kernel: Kernel is locked down from EFI Secure Boot mode; see man kernel_lockdown.7
2025-11-01T18:20:24.129088+00:00 mozestibor-ThinkPad-T14-Gen-2a kernel: tsc: Fast TSC calibration using PIT
2025-11-01T18:20:24.129090+00:00 mozestibor-ThinkPad-T14-Gen-2a kernel: tsc: Detected 2295.699 MHz processor
2025-11-01T18:20:24.129090+00:00 mozestibor-ThinkPad-T14-Gen-2a systemd[1]: Starting systemd-rfkill.service - Load/Save RF Kill Switch Status...
2025-11-01T18:20:24.129095+00:00 mozestibor-ThinkPad-T14-Gen-2a kernel: e820: update [mem 0x00000000-0x00000fff] usable ==> reserved
2025-11-01T18:20:24.129097+00:00 mozestibor-ThinkPad-T14-Gen-2a kernel: e820: remove [mem 0x000a0000-0x000fffff] usable
2025-11-01T18:20:24.129096+00:00 mozestibor-ThinkPad-T14-Gen-2a systemd[1]: Started systemd-rfkill.service - Load/Save RF Kill Switch Status.
2025-11-01T18:20:24.129100+00:00 mozestibor-ThinkPad-T14-Gen-2a kernel: last_pfn = 0x3ee300 max_arch_pfn = 0x400000000
2025-11-01T18:20:24.129102+00:00 mozestibor-ThinkPad-T14-Gen-2a kernel: MTRR map: 6 entries (3 fixed + 3 variable; max 20), built from 9 variable MTRRs
2025-11-01T18:20:24.129105+00:00 mozestibor-ThinkPad-T14-Gen-2a kernel: x86/PAT: Configuration [0-7]: WB  WC  UC- UC  WB  WP  UC- WT  
2025-11-01T18:20:24.129103+00:00 mozestibor-ThinkPad-T14-Gen-2a systemd[1]: Created slice system-systemd\x2dbacklight.slice - Slice /system/systemd-backlight.
2025-11-01T18:20:24.129107+00:00 mozestibor-ThinkPad-T14-Gen-2a kernel: last_pfn = 0xce000 max_arch_pfn = 0x400000000
2025-11-01T18:20:24.129109+00:00 mozestibor-ThinkPad-T14-Gen-2a kernel: esrt: Reserving ESRT space from 0x00000000c1c95018 to 0x00000000c1c95118.
2025-11-01T18:20:24.129109+00:00 mozestibor-ThinkPad-T14-Gen-2a systemd[1]: Starting systemd-backlight@leds:tpacpi::kbd_backlight.service - Load/Save Screen Backlight Brightness of leds:tpacpi::kbd_backlight...
2025-11-01T18:20:24.129114+00:00 mozestibor-ThinkPad-T14-Gen-2a kernel: e820: update [mem 0xc1c95000-0xc1c95fff] usable ==> reserved
2025-11-01T18:20:24.129117+00:00 mozestibor-ThinkPad-T14-Gen-2a kernel: Using GB pages for direct mapping
2025-11-01T18:20:24.129119+00:00 mozestibor-ThinkPad-T14-Gen-2a kernel: secureboot: Secure boot enabled
2025-11-01T18:20:24.129121+00:00 mozestibor-ThinkPad-T14-Gen-2a kernel: RAMDISK: [mem 0x8badd000-0x90042fff]
2025-11-01T18:20:24.129122+00:00 mozestibor-ThinkPad-T14-Gen-2a kernel: ACPI: Early table checksum verification disabled
2025-11-01T18:20:24.129117+00:00 mozestibor-ThinkPad-T14-Gen-2a systemd[1]: Finished systemd-backlight@leds:tpacpi::kbd_backlight.service - Load/Save Screen Backlight Brightness of leds:tpacpi::kbd_backlight.
2025-11-01T18:20:24.129125+00:00 mozestibor-ThinkPad-T14-Gen-2a kernel: ACPI: RSDP 0x00000000CBFFD014 000024 (v02 LENOVO)
2025-11-01T18:20:24.129130+00:00 mozestibor-ThinkPad-T14-Gen-2a kernel: ACPI: XSDT 0x00000000CBFFB188 00011C (v01 LENOVO TP-R1M   00001130 PTEC 00000002)
2025-11-01T18:20:24.129132+00:00 mozestibor-ThinkPad-T14-Gen-2a kernel: ACPI: FACP 0x00000000C5B93000 000114 (v06 LENOVO TP-R1M   00001130 PTEC 00000002)
2025-11-01T18:20:24.129128+00:00 mozestibor-ThinkPad-T14-Gen-2a cloud-init[614]: Cloud-init v. 25.1.4-0ubuntu0~24.04.1 running 'init-local' at Sat, 01 Nov 2025 18:20:15 +0000. Up 3.03 seconds.
2025-11-01T18:20:24.129134+00:00 mozestibor-ThinkPad-T14-Gen-2a kernel: ACPI: DSDT 0x00000000C5B7C000 011D77 (v01 LENOVO TP-R1M   00001130 INTL 20180313)
2025-11-01T18:20:24.129136+00:00 mozestibor-ThinkPad-T14-Gen-2a kernel: ACPI: FACS 0x00000000CBE19000 000040
2025-11-01T18:20:24.129137+00:00 mozestibor-ThinkPad-T14-Gen-2a kernel: ACPI: SSDT 0x00000000C7E9C000 0000A2 (v01 LENOVO PID0Ssdt 00000001 INTL 20180313)
2025-11-01T18:20:24.129139+00:00 mozestibor-ThinkPad-T14-Gen-2a kernel: ACPI: SSDT 0x00000000C7E9A000 001189 (v01 LENOVO UsbCTabl 00000001 INTL 20180313)
2025-11-01T18:20:24.129137+00:00 mozestibor-ThinkPad-T14-Gen-2a systemd[1]: systemd-ask-password-console.path - Dispatch Password Requests to Console Directory Watch was skipped because of an unmet condition check (ConditionPathExists=!/run/plymouth/pid).
2025-11-01T18:20:24.129144+00:00 mozestibor-ThinkPad-T14-Gen-2a kernel: ACPI: SSDT 0x00000000C7E8C000 0072B0 (v02 LENOVO TP-R1M   00000002 MSFT 04000000)
2025-11-01T18:20:24.129146+00:00 mozestibor-ThinkPad-T14-Gen-2a kernel: ACPI: IVRS 0x00000000C7E6A000 0001A4 (v02 LENOVO TP-R1M   00001130 PTEC 00000002)
2025-11-01T18:20:24.129144+00:00 mozestibor-ThinkPad-T14-Gen-2a systemd[1]: Starting modprobe@dm_mod.service - Load Kernel Module dm_mod...
2025-11-01T18:20:24.129148+00:00 mozestibor-ThinkPad-T14-Gen-2a kernel: ACPI: SSDT 0x00000000C7E38000 000A42 (v01 LENOVO WmiTable 00000001 INTL 20180313)
2025-11-01T18:20:24.129150+00:00 mozestibor-ThinkPad-T14-Gen-2a kernel: ACPI: SSDT 0x00000000C7DB3000 000632 (v02 LENOVO Tpm2Tabl 00001000 INTL 20180313)
2025-11-01T18:20:24.129151+00:00 mozestibor-ThinkPad-T14-Gen-2a kernel: ACPI: TPM2 0x00000000C7DB2000 000034 (v03 LENOVO TP-R1M   00001130 PTEC 00000002)
2025-11-01T18:20:24.129154+00:00 mozestibor-ThinkPad-T14-Gen-2a kernel: ACPI: MSDM 0x00000000C7DAF000 000055 (v03 LENOVO TP-R1M   00001130 PTEC 00000002)
2025-11-01T18:20:24.129151+00:00 mozestibor-ThinkPad-T14-Gen-2a systemd[1]: Starting modprobe@efi_pstore.service - Load Kernel Module efi_pstore...
2025-11-01T18:20:24.129156+00:00 mozestibor-ThinkPad-T14-Gen-2a kernel: ACPI: BATB 0x00000000C7D9A000 00004A (v02 LENOVO TP-R1M   00001130 PTEC 00000002)
2025-11-01T18:20:24.129159+00:00 mozestibor-ThinkPad-T14-Gen-2a systemd[1]: Starting modprobe@loop.service - Load Kernel Module loop...
2025-11-01T18:20:24.129161+00:00 mozestibor-ThinkPad-T14-Gen-2a kernel: ACPI: HPET 0x00000000C5B92000 000038 (v01 LENOVO TP-R1M   00001130 PTEC 00000002)
2025-11-01T18:20:24.129163+00:00 mozestibor-ThinkPad-T14-Gen-2a kernel: ACPI: APIC 0x00000000C5B91000 000138 (v02 LENOVO TP-R1M   00001130 PTEC 00000002)
2025-11-01T18:20:24.129165+00:00 mozestibor-ThinkPad-T14-Gen-2a kernel: ACPI: MCFG 0x00000000C5B90000 00003C (v01 LENOVO TP-R1M   00001130 PTEC 00000002)
2025-11-01T18:20:24.129167+00:00 mozestibor-ThinkPad-T14-Gen-2a kernel: ACPI: SBST 0x00000000C5B8F000 000030 (v01 LENOVO TP-R1M   00001130 PTEC 00000002)
2025-11-01T18:20:24.129169+00:00 mozestibor-ThinkPad-T14-Gen-2a kernel: ACPI: WSMT 0x00000000C5B8E000 000028 (v01 LENOVO TP-R1M   00001130 PTEC 00000002)
2025-11-01T18:20:24.129171+00:00 mozestibor-ThinkPad-T14-Gen-2a kernel: ACPI: VFCT 0x00000000C5B6E000 00D884 (v01 LENOVO TP-R1M   00001130 PTEC 00000002)
2025-11-01T18:20:24.129165+00:00 mozestibor-ThinkPad-T14-Gen-2a systemd[1]: systemd-fsck-root.service - File System Check on Root Device was skipped because of an unmet condition check (ConditionPathExists=!/run/initramfs/fsck-root).
2025-11-01T18:20:24.129177+00:00 mozestibor-ThinkPad-T14-Gen-2a systemd[1]: systemd-hwdb-update.service - Rebuild Hardware Database was skipped because no trigger condition checks were met.
2025-11-01T18:20:24.129183+00:00 mozestibor-ThinkPad-T14-Gen-2a systemd[1]: systemd-pcrmachine.service - TPM2 PCR Machine ID Measurement was skipped because of an unmet condition check (ConditionSecurity=measured-uki).
2025-11-01T18:20:24.129190+00:00 mozestibor-ThinkPad-T14-Gen-2a systemd[1]: systemd-tpm2-setup-early.service - TPM2 SRK Setup (Early) was skipped because of an unmet condition check (ConditionSecurity=measured-uki).
2025-11-01T18:20:24.129198+00:00 mozestibor-ThinkPad-T14-Gen-2a systemd[1]: systemd-tpm2-setup.service - TPM2 SRK Setup was skipped because of an unmet condition check (ConditionSecurity=measured-uki).
2025-11-01T18:20:24.129205+00:00 mozestibor-ThinkPad-T14-Gen-2a systemd[1]: modprobe@dm_mod.service: Deactivated successfully.
2025-11-01T18:20:24.129216+00:00 mozestibor-ThinkPad-T14-Gen-2a systemd[1]: Finished modprobe@dm_mod.service - Load Kernel Module dm_mod.
2025-11-01T18:20:24.129222+00:00 mozestibor-ThinkPad-T14-Gen-2a systemd[1]: modprobe@efi_pstore.service: Deactivated successfully.
2025-11-01T18:20:24.129230+00:00 mozestibor-ThinkPad-T14-Gen-2a systemd[1]: Finished modprobe@efi_pstore.service - Load Kernel Module efi_pstore.
2025-11-01T18:20:24.129236+00:00 mozestibor-ThinkPad-T14-Gen-2a systemd[1]: modprobe@loop.service: Deactivated successfully.
2025-11-01T18:20:24.129243+00:00 mozestibor-ThinkPad-T14-Gen-2a systemd[1]: Finished modprobe@loop.service - Load Kernel Module loop.
2025-11-01T18:20:24.129250+00:00 mozestibor-ThinkPad-T14-Gen-2a systemd[1]: systemd-pstore.service - Platform Persistent Storage Archival was skipped because of an unmet condition check (ConditionDirectoryNotEmpty=/sys/fs/pstore).
2025-11-01T18:20:24.129262+00:00 mozestibor-ThinkPad-T14-Gen-2a systemd[1]: systemd-repart.service - Repartition Root Disk was skipped because no trigger condition checks were met.
2025-11-01T18:20:24.129269+00:00 mozestibor-ThinkPad-T14-Gen-2a (udev-worker)[491]: controlC0: Process '/usr/sbin/alsactl -E HOME=/run/alsa -E XDG_RUNTIME_DIR=/run/alsa/runtime restore 0' failed with exit code 99.
2025-11-01T18:20:24.129278+00:00 mozestibor-ThinkPad-T14-Gen-2a systemd[1]: systemd-ask-password-console.path - Dispatch Password Requests to Console Directory Watch was skipped because of an unmet condition check (ConditionPathExists=!/run/plymouth/pid).
2025-11-01T18:20:24.129285+00:00 mozestibor-ThinkPad-T14-Gen-2a systemd[1]: Starting modprobe@dm_mod.service - Load Kernel Module dm_mod...
2025-11-01T18:20:24.129290+00:00 mozestibor-ThinkPad-T14-Gen-2a kernel: ACPI: SSDT 0x00000000C5B6A000 003E88 (v02 LENOVO TP-R1M   00000001 AMD  00000001)
2025-11-01T18:20:24.129291+00:00 mozestibor-ThinkPad-T14-Gen-2a kernel: ACPI: CRAT 0x00000000C5B69000 000B40 (v01 LENOVO TP-R1M   00001130 PTEC 00000002)
2025-11-01T18:20:24.129294+00:00 mozestibor-ThinkPad-T14-Gen-2a kernel: ACPI: CDIT 0x00000000C5B68000 000029 (v01 LENOVO TP-R1M   00001130 PTEC 00000002)
2025-11-01T18:20:24.129296+00:00 mozestibor-ThinkPad-T14-Gen-2a kernel: ACPI: FPDT 0x00000000C7D9B000 000034 (v01 LENOVO TP-R1M   00001130 PTEC 00000002)
2025-11-01T18:20:24.129298+00:00 mozestibor-ThinkPad-T14-Gen-2a kernel: ACPI: SSDT 0x00000000C5B67000 000149 (v01 LENOVO TP-R1M   00000001 INTL 20180313)
2025-11-01T18:20:24.129291+00:00 mozestibor-ThinkPad-T14-Gen-2a systemd[1]: Starting modprobe@efi_pstore.service - Load Kernel Module efi_pstore...
2025-11-01T18:20:24.129300+00:00 mozestibor-ThinkPad-T14-Gen-2a kernel: ACPI: SSDT 0x00000000C5B63000 003B0E (v01 LENOVO TP-R1M   00000001 INTL 20180313)
2025-11-01T18:20:24.129303+00:00 mozestibor-ThinkPad-T14-Gen-2a kernel: ACPI: BGRT 0x00000000C5B62000 000038 (v01 LENOVO TP-R1M   00001130 PTEC 00000002)
2025-11-01T18:20:24.129305+00:00 mozestibor-ThinkPad-T14-Gen-2a systemd[1]: Starting modprobe@loop.service - Load Kernel Module loop...
2025-11-01T18:20:24.129307+00:00 mozestibor-ThinkPad-T14-Gen-2a kernel: ACPI: SSDT 0x00000000C5B61000 000058 (v01 LENOVO TP-R1M   00000001 INTL 20180313)
2025-11-01T18:20:24.129311+00:00 mozestibor-ThinkPad-T14-Gen-2a kernel: ACPI: SSDT 0x00000000C5B60000 00024D (v01 LENOVO TP-R1M   00000001 INTL 20180313)
2025-11-01T18:20:24.129313+00:00 mozestibor-ThinkPad-T14-Gen-2a kernel: ACPI: SSDT 0x00000000C5B5E000 001446 (v01 LENOVO TP-R1M   00000001 INTL 20180313)
2025-11-01T18:20:24.129311+00:00 mozestibor-ThinkPad-T14-Gen-2a systemd[1]: systemd-fsck-root.service - File System Check on Root Device was skipped because of an unmet condition check (ConditionPathExists=!/run/initramfs/fsck-root).
2025-11-01T18:20:24.129314+00:00 mozestibor-ThinkPad-T14-Gen-2a kernel: ACPI: SSDT 0x00000000C5B5D000 000C09 (v01 LENOVO TP-R1M   00000001 INTL 20180313)
2025-11-01T18:20:24.129315+00:00 mozestibor-ThinkPad-T14-Gen-2a kernel: ACPI: UEFI 0x00000000CBE18000 0000DA (v01 LENOVO TP-R1M   00001130 PTEC 00000002)
2025-11-01T18:20:24.129317+00:00 mozestibor-ThinkPad-T14-Gen-2a kernel: ACPI: SSDT 0x00000000C5B5C000 000052 (v01 LENOVO DRTM     00000001 INTL 20180313)
2025-11-01T18:20:24.129318+00:00 mozestibor-ThinkPad-T14-Gen-2a systemd[1]: systemd-hwdb-update.service - Rebuild Hardware Database was skipped because no trigger condition checks were met.
2025-11-01T18:20:24.129321+00:00 mozestibor-ThinkPad-T14-Gen-2a kernel: ACPI: SSDT 0x00000000C7E98000 000090 (v01 LENOVO TP-R1M   00000001 INTL 20180313)
2025-11-01T18:20:24.129324+00:00 mozestibor-ThinkPad-T14-Gen-2a kernel: ACPI: SSDT 0x00000000C7E97000 00096A (v01 LENOVO TP-R1M   00000001 INTL 20180313)
2025-11-01T18:20:24.129326+00:00 mozestibor-ThinkPad-T14-Gen-2a kernel: ACPI: Reserving FACP table memory at [mem 0xc5b93000-0xc5b93113]
2025-11-01T18:20:24.129327+00:00 mozestibor-ThinkPad-T14-Gen-2a kernel: ACPI: Reserving DSDT table memory at [mem 0xc5b7c000-0xc5b8dd76]
2025-11-01T18:20:24.129326+00:00 mozestibor-ThinkPad-T14-Gen-2a systemd[1]: systemd-pcrmachine.service - TPM2 PCR Machine ID Measurement was skipped because of an unmet condition check (ConditionSecurity=measured-uki).
2025-11-01T18:20:24.129330+00:00 mozestibor-ThinkPad-T14-Gen-2a kernel: ACPI: Reserving FACS table memory at [mem 0xcbe19000-0xcbe1903f]
2025-11-01T18:20:24.129332+00:00 mozestibor-ThinkPad-T14-Gen-2a kernel: ACPI: Reserving SSDT table memory at [mem 0xc7e9c000-0xc7e9c0a1]
2025-11-01T18:20:24.129333+00:00 mozestibor-ThinkPad-T14-Gen-2a systemd[1]: systemd-tpm2-setup-early.service - TPM2 SRK Setup (Early) was skipped because of an unmet condition check (ConditionSecurity=measured-uki).
2025-11-01T18:20:24.129337+00:00 mozestibor-ThinkPad-T14-Gen-2a kernel: ACPI: Reserving SSDT table memory at [mem 0xc7e9a000-0xc7e9b188]
2025-11-01T18:20:24.129339+00:00 mozestibor-ThinkPad-T14-Gen-2a kernel: ACPI: Reserving SSDT table memory at [mem 0xc7e8c000-0xc7e932af]
2025-11-01T18:20:24.129340+00:00 mozestibor-ThinkPad-T14-Gen-2a kernel: ACPI: Reserving IVRS table memory at [mem 0xc7e6a000-0xc7e6a1a3]
2025-11-01T18:20:24.129343+00:00 mozestibor-ThinkPad-T14-Gen-2a kernel: ACPI: Reserving SSDT table memory at [mem 0xc7e38000-0xc7e38a41]
2025-11-01T18:20:24.129345+00:00 mozestibor-ThinkPad-T14-Gen-2a kernel: ACPI: Reserving SSDT table memory at [mem 0xc7db3000-0xc7db3631]
2025-11-01T18:20:24.129340+00:00 mozestibor-ThinkPad-T14-Gen-2a systemd[1]: systemd-tpm2-setup.service - TPM2 SRK Setup was skipped because of an unmet condition check (ConditionSecurity=measured-uki).
2025-11-01T18:20:24.129347+00:00 mozestibor-ThinkPad-T14-Gen-2a kernel: ACPI: Reserving TPM2 table memory at [mem 0xc7db2000-0xc7db2033]
2025-11-01T18:20:24.129348+00:00 mozestibor-ThinkPad-T14-Gen-2a kernel: ACPI: Reserving MSDM table memory at [mem 0xc7daf000-0xc7daf054]
2025-11-01T18:20:24.129352+00:00 mozestibor-ThinkPad-T14-Gen-2a systemd[1]: modprobe@dm_mod.service: Deactivated successfully.
2025-11-01T18:20:24.129353+00:00 mozestibor-ThinkPad-T14-Gen-2a kernel: ACPI: Reserving BATB table memory at [mem 0xc7d9a000-0xc7d9a049]
2025-11-01T18:20:24.129358+00:00 mozestibor-ThinkPad-T14-Gen-2a kernel: ACPI: Reserving HPET table memory at [mem 0xc5b92000-0xc5b92037]
2025-11-01T18:20:24.129360+00:00 mozestibor-ThinkPad-T14-Gen-2a kernel: ACPI: Reserving APIC table memory at [mem 0xc5b91000-0xc5b91137]
2025-11-01T18:20:24.129360+00:00 mozestibor-ThinkPad-T14-Gen-2a systemd[1]: Finished modprobe@dm_mod.service - Load Kernel Module dm_mod.
2025-11-01T18:20:24.129362+00:00 mozestibor-ThinkPad-T14-Gen-2a kernel: ACPI: Reserving MCFG table memory at [mem 0xc5b90000-0xc5b9003b]
2025-11-01T18:20:24.129364+00:00 mozestibor-ThinkPad-T14-Gen-2a kernel: ACPI: Reserving SBST table memory at [mem 0xc5b8f000-0xc5b8f02f]
2025-11-01T18:20:24.129366+00:00 mozestibor-ThinkPad-T14-Gen-2a kernel: ACPI: Reserving WSMT table memory at [mem 0xc5b8e000-0xc5b8e027]
2025-11-01T18:20:24.129366+00:00 mozestibor-ThinkPad-T14-Gen-2a systemd[1]: modprobe@efi_pstore.service: Deactivated successfully.
2025-11-01T18:20:24.129372+00:00 mozestibor-ThinkPad-T14-Gen-2a kernel: ACPI: Reserving VFCT table memory at [mem 0xc5b6e000-0xc5b7b883]
2025-11-01T18:20:24.129374+00:00 mozestibor-ThinkPad-T14-Gen-2a kernel: ACPI: Reserving SSDT table memory at [mem 0xc5b6a000-0xc5b6de87]
2025-11-01T18:20:24.129376+00:00 mozestibor-ThinkPad-T14-Gen-2a kernel: ACPI: Reserving CRAT table memory at [mem 0xc5b69000-0xc5b69b3f]
2025-11-01T18:20:24.129377+00:00 mozestibor-ThinkPad-T14-Gen-2a kernel: ACPI: Reserving CDIT table memory at [mem 0xc5b68000-0xc5b68028]
2025-11-01T18:20:24.129379+00:00 mozestibor-ThinkPad-T14-Gen-2a kernel: ACPI: Reserving FPDT table memory at [mem 0xc7d9b000-0xc7d9b033]
2025-11-01T18:20:24.129382+00:00 mozestibor-ThinkPad-T14-Gen-2a kernel: ACPI: Reserving SSDT table memory at [mem 0xc5b67000-0xc5b67148]
2025-11-01T18:20:24.129384+00:00 mozestibor-ThinkPad-T14-Gen-2a kernel: ACPI: Reserving SSDT table memory at [mem 0xc5b63000-0xc5b66b0d]
2025-11-01T18:20:24.129374+00:00 mozestibor-ThinkPad-T14-Gen-2a systemd[1]: Finished modprobe@efi_pstore.service - Load Kernel Module efi_pstore.
2025-11-01T18:20:24.129389+00:00 mozestibor-ThinkPad-T14-Gen-2a systemd[1]: modprobe@loop.service: Deactivated successfully.
2025-11-01T18:20:24.129394+00:00 mozestibor-ThinkPad-T14-Gen-2a kernel: ACPI: Reserving BGRT table memory at [mem 0xc5b62000-0xc5b62037]
2025-11-01T18:20:24.129397+00:00 mozestibor-ThinkPad-T14-Gen-2a kernel: ACPI: Reserving SSDT table memory at [mem 0xc5b61000-0xc5b61057]
2025-11-01T18:20:24.129399+00:00 mozestibor-ThinkPad-T14-Gen-2a kernel: ACPI: Reserving SSDT table memory at [mem 0xc5b60000-0xc5b6024c]
2025-11-01T18:20:24.129401+00:00 mozestibor-ThinkPad-T14-Gen-2a kernel: ACPI: Reserving SSDT table memory at [mem 0xc5b5e000-0xc5b5f445]
2025-11-01T18:20:24.129399+00:00 mozestibor-ThinkPad-T14-Gen-2a systemd[1]: Finished modprobe@loop.service - Load Kernel Module loop.
2025-11-01T18:20:24.129403+00:00 mozestibor-ThinkPad-T14-Gen-2a kernel: ACPI: Reserving SSDT table memory at [mem 0xc5b5d000-0xc5b5dc08]
2025-11-01T18:20:24.129405+00:00 mozestibor-ThinkPad-T14-Gen-2a kernel: ACPI: Reserving UEFI table memory at [mem 0xcbe18000-0xcbe180d9]
2025-11-01T18:20:24.129405+00:00 mozestibor-ThinkPad-T14-Gen-2a systemd[1]: systemd-pstore.service - Platform Persistent Storage Archival was skipped because of an unmet condition check (ConditionDirectoryNotEmpty=/sys/fs/pstore).
2025-11-01T18:20:24.129411+00:00 mozestibor-ThinkPad-T14-Gen-2a kernel: ACPI: Reserving SSDT table memory at [mem 0xc5b5c000-0xc5b5c051]
2025-11-01T18:20:24.129412+00:00 mozestibor-ThinkPad-T14-Gen-2a kernel: ACPI: Reserving SSDT table memory at [mem 0xc7e98000-0xc7e9808f]
2025-11-01T18:20:24.129414+00:00 mozestibor-ThinkPad-T14-Gen-2a kernel: ACPI: Reserving SSDT table memory at [mem 0xc7e97000-0xc7e97969]
2025-11-01T18:20:24.129412+00:00 mozestibor-ThinkPad-T14-Gen-2a systemd[1]: systemd-repart.service - Repartition Root Disk was skipped because no trigger condition checks were met.
2025-11-01T18:20:24.129416+00:00 mozestibor-ThinkPad-T14-Gen-2a kernel: No NUMA configuration found
2025-11-01T18:20:24.129418+00:00 mozestibor-ThinkPad-T14-Gen-2a kernel: Faking a node at [mem 0x0000000000000000-0x00000003ee2fffff]
2025-11-01T18:20:24.129420+00:00 mozestibor-ThinkPad-T14-Gen-2a kernel: NODE_DATA(0) allocated [mem 0x3ee2d5540-0x3ee2fffff]
2025-11-01T18:20:24.129418+00:00 mozestibor-ThinkPad-T14-Gen-2a (udev-worker)[486]: controlC1: Process '/usr/sbin/alsactl -E HOME=/run/alsa -E XDG_RUNTIME_DIR=/run/alsa/runtime restore 1' failed with exit code 99.
2025-11-01T18:20:24.129425+00:00 mozestibor-ThinkPad-T14-Gen-2a kernel: Zone ranges:
2025-11-01T18:20:24.129428+00:00 mozestibor-ThinkPad-T14-Gen-2a kernel:   DMA      [mem 0x0000000000001000-0x0000000000ffffff]
2025-11-01T18:20:24.129426+00:00 mozestibor-ThinkPad-T14-Gen-2a systemd[1]: systemd-ask-password-console.path - Dispatch Password Requests to Console Directory Watch was skipped because of an unmet condition check (ConditionPathExists=!/run/plymouth/pid).
2025-11-01T18:20:24.129430+00:00 mozestibor-ThinkPad-T14-Gen-2a kernel:   DMA32    [mem 0x0000000001000000-0x00000000ffffffff]
2025-11-01T18:20:24.129431+00:00 mozestibor-ThinkPad-T14-Gen-2a kernel:   Normal   [mem 0x0000000100000000-0x00000003ee2fffff]
2025-11-01T18:20:24.129434+00:00 mozestibor-ThinkPad-T14-Gen-2a kernel:   Device   empty
2025-11-01T18:20:24.129436+00:00 mozestibor-ThinkPad-T14-Gen-2a kernel: Movable zone start for each node
2025-11-01T18:20:24.129437+00:00 mozestibor-ThinkPad-T14-Gen-2a kernel: Early memory node ranges
2025-11-01T18:20:24.129434+00:00 mozestibor-ThinkPad-T14-Gen-2a systemd[1]: Starting modprobe@dm_mod.service - Load Kernel Module dm_mod...
2025-11-01T18:20:24.129443+00:00 mozestibor-ThinkPad-T14-Gen-2a kernel:   node   0: [mem 0x0000000000001000-0x000000000009efff]
2025-11-01T18:20:24.129445+00:00 mozestibor-ThinkPad-T14-Gen-2a kernel:   node   0: [mem 0x0000000000100000-0x0000000009bfffff]
2025-11-01T18:20:24.129448+00:00 mozestibor-ThinkPad-T14-Gen-2a kernel:   node   0: [mem 0x0000000009da1000-0x0000000009efffff]
2025-11-01T18:20:24.129445+00:00 mozestibor-ThinkPad-T14-Gen-2a systemd[1]: Starting modprobe@efi_pstore.service - Load Kernel Module efi_pstore...
2025-11-01T18:20:24.129450+00:00 mozestibor-ThinkPad-T14-Gen-2a kernel:   node   0: [mem 0x0000000009f0d000-0x00000000c4d7dfff]
2025-11-01T18:20:24.129452+00:00 mozestibor-ThinkPad-T14-Gen-2a kernel:   node   0: [mem 0x00000000cbffe000-0x00000000cdffffff]
2025-11-01T18:20:24.129454+00:00 mozestibor-ThinkPad-T14-Gen-2a kernel:   node   0: [mem 0x0000000100000000-0x00000003ee2fffff]
2025-11-01T18:20:24.129452+00:00 mozestibor-ThinkPad-T14-Gen-2a systemd[1]: Starting modprobe@loop.service - Load Kernel Module loop...
2025-11-01T18:20:24.129459+00:00 mozestibor-ThinkPad-T14-Gen-2a kernel: Initmem setup node 0 [mem 0x0000000000001000-0x00000003ee2fffff]
2025-11-01T18:20:24.129461+00:00 mozestibor-ThinkPad-T14-Gen-2a kernel: On node 0, zone DMA: 1 pages in unavailable ranges
2025-11-01T18:20:24.129459+00:00 mozestibor-ThinkPad-T14-Gen-2a systemd[1]: systemd-fsck-root.service - File System Check on Root Device was skipped because of an unmet condition check (ConditionPathExists=!/run/initramfs/fsck-root).
2025-11-01T18:20:24.129464+00:00 mozestibor-ThinkPad-T14-Gen-2a kernel: On node 0, zone DMA: 97 pages in unavailable ranges
2025-11-01T18:20:24.129466+00:00 mozestibor-ThinkPad-T14-Gen-2a kernel: On node 0, zone DMA32: 417 pages in unavailable ranges
2025-11-01T18:20:24.129468+00:00 mozestibor-ThinkPad-T14-Gen-2a kernel: On node 0, zone DMA32: 13 pages in unavailable ranges
2025-11-01T18:20:24.129466+00:00 mozestibor-ThinkPad-T14-Gen-2a systemd[1]: systemd-hwdb-update.service - Rebuild Hardware Database was skipped because no trigger condition checks were met.
2025-11-01T18:20:24.129470+00:00 mozestibor-ThinkPad-T14-Gen-2a kernel: On node 0, zone DMA32: 29312 pages in unavailable ranges
2025-11-01T18:20:24.129473+00:00 mozestibor-ThinkPad-T14-Gen-2a kernel: On node 0, zone Normal: 8192 pages in unavailable ranges
2025-11-01T18:20:24.129478+00:00 mozestibor-ThinkPad-T14-Gen-2a kernel: On node 0, zone Normal: 7424 pages in unavailable ranges
2025-11-01T18:20:24.129473+00:00 mozestibor-ThinkPad-T14-Gen-2a systemd[1]: systemd-pcrmachine.service - TPM2 PCR Machine ID Measurement was skipped because of an unmet condition check (ConditionSecurity=measured-uki).
2025-11-01T18:20:24.129481+00:00 mozestibor-ThinkPad-T14-Gen-2a kernel: ACPI: PM-Timer IO Port: 0x408
2025-11-01T18:20:24.129483+00:00 mozestibor-ThinkPad-T14-Gen-2a kernel: ACPI: LAPIC_NMI (acpi_id[0x00] high edge lint[0x1])
2025-11-01T18:20:24.129485+00:00 mozestibor-ThinkPad-T14-Gen-2a kernel: ACPI: LAPIC_NMI (acpi_id[0x01] high edge lint[0x1])
2025-11-01T18:20:24.129486+00:00 mozestibor-ThinkPad-T14-Gen-2a kernel: ACPI: LAPIC_NMI (acpi_id[0x02] high edge lint[0x1])
2025-11-01T18:20:24.129485+00:00 mozestibor-ThinkPad-T14-Gen-2a systemd[1]: systemd-tpm2-setup-early.service - TPM2 SRK Setup (Early) was skipped because of an unmet condition check (ConditionSecurity=measured-uki).
2025-11-01T18:20:24.129489+00:00 mozestibor-ThinkPad-T14-Gen-2a kernel: ACPI: LAPIC_NMI (acpi_id[0x03] high edge lint[0x1])
2025-11-01T18:20:24.129495+00:00 mozestibor-ThinkPad-T14-Gen-2a kernel: ACPI: LAPIC_NMI (acpi_id[0x04] high edge lint[0x1])
2025-11-01T18:20:24.129493+00:00 mozestibor-ThinkPad-T14-Gen-2a systemd[1]: systemd-tpm2-setup.service - TPM2 SRK Setup was skipped because of an unmet condition check (ConditionSecurity=measured-uki).
2025-11-01T18:20:24.129499+00:00 mozestibor-ThinkPad-T14-Gen-2a kernel: ACPI: LAPIC_NMI (acpi_id[0x05] high edge lint[0x1])
2025-11-01T18:20:24.129501+00:00 mozestibor-ThinkPad-T14-Gen-2a kernel: ACPI: LAPIC_NMI (acpi_id[0x06] high edge lint[0x1])
2025-11-01T18:20:24.129504+00:00 mozestibor-ThinkPad-T14-Gen-2a kernel: ACPI: LAPIC_NMI (acpi_id[0x07] high edge lint[0x1])
2025-11-01T18:20:24.129501+00:00 mozestibor-ThinkPad-T14-Gen-2a systemd[1]: modprobe@dm_mod.service: Deactivated successfully.
2025-11-01T18:20:24.129507+00:00 mozestibor-ThinkPad-T14-Gen-2a kernel: ACPI: LAPIC_NMI (acpi_id[0x08] high edge lint[0x1])
2025-11-01T18:20:24.129510+00:00 mozestibor-ThinkPad-T14-Gen-2a kernel: ACPI: LAPIC_NMI (acpi_id[0x09] high edge lint[0x1])
2025-11-01T18:20:24.129510+00:00 mozestibor-ThinkPad-T14-Gen-2a systemd[1]: Finished modprobe@dm_mod.service - Load Kernel Module dm_mod.
2025-11-01T18:20:24.129515+00:00 mozestibor-ThinkPad-T14-Gen-2a kernel: ACPI: LAPIC_NMI (acpi_id[0x0a] high edge lint[0x1])
2025-11-01T18:20:24.129517+00:00 mozestibor-ThinkPad-T14-Gen-2a kernel: ACPI: LAPIC_NMI (acpi_id[0x0b] high edge lint[0x1])
2025-11-01T18:20:24.129520+00:00 mozestibor-ThinkPad-T14-Gen-2a kernel: ACPI: LAPIC_NMI (acpi_id[0x0c] high edge lint[0x1])
2025-11-01T18:20:24.129517+00:00 mozestibor-ThinkPad-T14-Gen-2a systemd[1]: modprobe@efi_pstore.service: Deactivated successfully.
2025-11-01T18:20:24.129523+00:00 mozestibor-ThinkPad-T14-Gen-2a kernel: ACPI: LAPIC_NMI (acpi_id[0x0d] high edge lint[0x1])
2025-11-01T18:20:24.129526+00:00 mozestibor-ThinkPad-T14-Gen-2a kernel: ACPI: LAPIC_NMI (acpi_id[0x0e] high edge lint[0x1])
2025-11-01T18:20:24.129528+00:00 mozestibor-ThinkPad-T14-Gen-2a kernel: ACPI: LAPIC_NMI (acpi_id[0x0f] high edge lint[0x1])
2025-11-01T18:20:24.129530+00:00 mozestibor-ThinkPad-T14-Gen-2a kernel: IOAPIC[0]: apic_id 32, version 33, address 0xfec00000, GSI 0-23
2025-11-01T18:20:24.129536+00:00 mozestibor-ThinkPad-T14-Gen-2a kernel: IOAPIC[1]: apic_id 33, version 33, address 0xfec01000, GSI 24-55
2025-11-01T18:20:24.129526+00:00 mozestibor-ThinkPad-T14-Gen-2a systemd[1]: Finished modprobe@efi_pstore.service - Load Kernel Module efi_pstore.
2025-11-01T18:20:24.129538+00:00 mozestibor-ThinkPad-T14-Gen-2a kernel: ACPI: INT_SRC_OVR (bus 0 bus_irq 0 global_irq 2 dfl dfl)
2025-11-01T18:20:24.129540+00:00 mozestibor-ThinkPad-T14-Gen-2a kernel: ACPI: INT_SRC_OVR (bus 0 bus_irq 9 global_irq 9 low level)
2025-11-01T18:20:24.129542+00:00 mozestibor-ThinkPad-T14-Gen-2a kernel: ACPI: Using ACPI (MADT) for SMP configuration information
2025-11-01T18:20:24.129542+00:00 mozestibor-ThinkPad-T14-Gen-2a systemd[1]: modprobe@loop.service: Deactivated successfully.
2025-11-01T18:20:24.129545+00:00 mozestibor-ThinkPad-T14-Gen-2a kernel: ACPI: HPET id: 0x43538210 base: 0xfed00000
2025-11-01T18:20:24.129548+00:00 mozestibor-ThinkPad-T14-Gen-2a kernel: e820: update [mem 0xc0aec000-0xc0b7cfff] usable ==> reserved
2025-11-01T18:20:24.129549+00:00 mozestibor-ThinkPad-T14-Gen-2a systemd[1]: Finished modprobe@loop.service - Load Kernel Module loop.
2025-11-01T18:20:24.129553+00:00 mozestibor-ThinkPad-T14-Gen-2a kernel: CPU topo: Max. logical packages:   1
2025-11-01T18:20:24.129556+00:00 mozestibor-ThinkPad-T14-Gen-2a kernel: CPU topo: Max. logical dies:       1
2025-11-01T18:20:24.129558+00:00 mozestibor-ThinkPad-T14-Gen-2a kernel: CPU topo: Max. dies per package:   1
2025-11-01T18:20:24.129556+00:00 mozestibor-ThinkPad-T14-Gen-2a systemd[1]: systemd-pstore.service - Platform Persistent Storage Archival was skipped because of an unmet condition check (ConditionDirectoryNotEmpty=/sys/fs/pstore).
2025-11-01T18:20:24.129561+00:00 mozestibor-ThinkPad-T14-Gen-2a kernel: CPU topo: Max. threads per core:   2
2025-11-01T18:20:24.129563+00:00 mozestibor-ThinkPad-T14-Gen-2a kernel: CPU topo: Num. cores per package:     6
2025-11-01T18:20:24.129565+00:00 mozestibor-ThinkPad-T14-Gen-2a kernel: CPU topo: Num. threads per package:  12
2025-11-01T18:20:24.129563+00:00 mozestibor-ThinkPad-T14-Gen-2a systemd[1]: systemd-repart.service - Repartition Root Disk was skipped because no trigger condition checks were met.
2025-11-01T18:20:24.129567+00:00 mozestibor-ThinkPad-T14-Gen-2a kernel: CPU topo: Allowing 12 present CPUs plus 0 hotplug CPUs
2025-11-01T18:20:24.129573+00:00 mozestibor-ThinkPad-T14-Gen-2a kernel: PM: hibernation: Registered nosave memory: [mem 0x00000000-0x00000fff]
2025-11-01T18:20:24.129570+00:00 mozestibor-ThinkPad-T14-Gen-2a systemd[1]: netplan-ovs-cleanup.service - OpenVSwitch configuration for cleanup was skipped because of an unmet condition check (ConditionFileIsExecutable=/usr/bin/ovs-vsctl).
2025-11-01T18:20:24.129582+00:00 mozestibor-ThinkPad-T14-Gen-2a systemd[1]: Reloading requested from client PID 651 ('systemctl') (unit cloud-init-local.service)...
2025-11-01T18:20:24.129589+00:00 mozestibor-ThinkPad-T14-Gen-2a systemd[1]: Reloading...
2025-11-01T18:20:24.129596+00:00 mozestibor-ThinkPad-T14-Gen-2a mtp-probe: checking bus 5, device 2: "/sys/devices/pci0000:00/0000:00:02.7/0000:06:00.0/usb5/5-2"
2025-11-01T18:20:24.129603+00:00 mozestibor-ThinkPad-T14-Gen-2a mtp-probe: bus: 5, device: 2 was not an MTP device
2025-11-01T18:20:24.129612+00:00 mozestibor-ThinkPad-T14-Gen-2a systemd[1]: Reloading finished in 205 ms.
2025-11-01T18:20:24.129618+00:00 mozestibor-ThinkPad-T14-Gen-2a systemd[1]: Mounting boot-efi.mount - /boot/efi...
2025-11-01T18:20:24.129630+00:00 mozestibor-ThinkPad-T14-Gen-2a systemd[1]: Mounted boot-efi.mount - /boot/efi.
2025-11-01T18:20:24.129637+00:00 mozestibor-ThinkPad-T14-Gen-2a systemd[1]: Reached target local-fs.target - Local File Systems.
2025-11-01T18:20:24.129644+00:00 mozestibor-ThinkPad-T14-Gen-2a systemd[1]: Listening on systemd-sysext.socket - System Extension Image Management (Varlink).
2025-11-01T18:20:24.129652+00:00 mozestibor-ThinkPad-T14-Gen-2a (udev-worker)[701]: controlC2: Process '/usr/sbin/alsactl -E HOME=/run/alsa -E XDG_RUNTIME_DIR=/run/alsa/runtime restore 2' failed with exit code 99.
2025-11-01T18:20:24.129661+00:00 mozestibor-ThinkPad-T14-Gen-2a systemd[1]: Starting apparmor.service - Load AppArmor profiles...
2025-11-01T18:20:24.129668+00:00 mozestibor-ThinkPad-T14-Gen-2a systemd[1]: Starting console-setup.service - Set console font and keymap...
2025-11-01T18:20:24.129680+00:00 mozestibor-ThinkPad-T14-Gen-2a systemd[1]: Starting ldconfig.service - Rebuild Dynamic Linker Cache...
2025-11-01T18:20:24.129687+00:00 mozestibor-ThinkPad-T14-Gen-2a kernel: PM: hibernation: Registered nosave memory: [mem 0x0009f000-0x000fffff]
2025-11-01T18:20:24.129687+00:00 mozestibor-ThinkPad-T14-Gen-2a systemd[1]: Starting plymouth-read-write.service - Tell Plymouth To Write Out Runtime Data...
2025-11-01T18:20:24.129690+00:00 mozestibor-ThinkPad-T14-Gen-2a kernel: PM: hibernation: Registered nosave memory: [mem 0x09c00000-0x09da0fff]
2025-11-01T18:20:24.129693+00:00 mozestibor-ThinkPad-T14-Gen-2a kernel: PM: hibernation: Registered nosave memory: [mem 0x09f00000-0x09f0cfff]
2025-11-01T18:20:24.129694+00:00 mozestibor-ThinkPad-T14-Gen-2a kernel: PM: hibernation: Registered nosave memory: [mem 0xc0aec000-0xc0b7cfff]
2025-11-01T18:20:24.129696+00:00 mozestibor-ThinkPad-T14-Gen-2a kernel: PM: hibernation: Registered nosave memory: [mem 0xc1c95000-0xc1c95fff]
2025-11-01T18:20:24.129694+00:00 mozestibor-ThinkPad-T14-Gen-2a systemd[1]: Starting systemd-binfmt.service - Set Up Additional Binary Formats...
2025-11-01T18:20:24.129703+00:00 mozestibor-ThinkPad-T14-Gen-2a systemd[1]: Starting systemd-tmpfiles-setup.service - Create Volatile Files and Directories...
2025-11-01T18:20:24.129708+00:00 mozestibor-ThinkPad-T14-Gen-2a kernel: PM: hibernation: Registered nosave memory: [mem 0xc4d7e000-0xcbffdfff]
2025-11-01T18:20:24.129710+00:00 mozestibor-ThinkPad-T14-Gen-2a kernel: PM: hibernation: Registered nosave memory: [mem 0xce000000-0xffffffff]
2025-11-01T18:20:24.129710+00:00 mozestibor-ThinkPad-T14-Gen-2a systemd[1]: Starting ufw.service - Uncomplicated firewall...
2025-11-01T18:20:24.129713+00:00 mozestibor-ThinkPad-T14-Gen-2a kernel: [mem 0xd0000000-0xf7ffffff] available for PCI devices
2025-11-01T18:20:24.129716+00:00 mozestibor-ThinkPad-T14-Gen-2a kernel: Booting paravirtualized kernel on bare hardware
2025-11-01T18:20:24.129718+00:00 mozestibor-ThinkPad-T14-Gen-2a kernel: clocksource: refined-jiffies: mask: 0xffffffff max_cycles: 0xffffffff, max_idle_ns: 1910969940391419 ns
2025-11-01T18:20:24.129721+00:00 mozestibor-ThinkPad-T14-Gen-2a kernel: setup_percpu: NR_CPUS:8192 nr_cpumask_bits:12 nr_cpu_ids:12 nr_node_ids:1
2025-11-01T18:20:24.129718+00:00 mozestibor-ThinkPad-T14-Gen-2a systemd[1]: Finished console-setup.service - Set console font and keymap.
2025-11-01T18:20:24.129730+00:00 mozestibor-ThinkPad-T14-Gen-2a kernel: percpu: Embedded 88 pages/cpu s237568 r8192 d114688 u524288
2025-11-01T18:20:24.129732+00:00 mozestibor-ThinkPad-T14-Gen-2a kernel: pcpu-alloc: s237568 r8192 d114688 u524288 alloc=1*2097152
2025-11-01T18:20:24.129730+00:00 mozestibor-ThinkPad-T14-Gen-2a systemd[1]: systemd-ask-password-console.path - Dispatch Password Requests to Console Directory Watch was skipped because of an unmet condition check (ConditionPathExists=!/run/plymouth/pid).
2025-11-01T18:20:24.129735+00:00 mozestibor-ThinkPad-T14-Gen-2a kernel: pcpu-alloc: [0] 00 01 02 03 [0] 04 05 06 07 
2025-11-01T18:20:24.129738+00:00 mozestibor-ThinkPad-T14-Gen-2a kernel: pcpu-alloc: [0] 08 09 10 11 
2025-11-01T18:20:24.129738+00:00 mozestibor-ThinkPad-T14-Gen-2a apparmor.systemd[723]: Restarting AppArmor
2025-11-01T18:20:24.129741+00:00 mozestibor-ThinkPad-T14-Gen-2a kernel: Kernel command line: BOOT_IMAGE=/boot/vmlinuz-6.14.0-34-generic root=UUID=c1877e8c-f15a-43cf-b86b-b4209f8d87aa ro quiet splash vt.handoff=7
2025-11-01T18:20:24.129745+00:00 mozestibor-ThinkPad-T14-Gen-2a kernel: Unknown kernel command line parameters "splash BOOT_IMAGE=/boot/vmlinuz-6.14.0-34-generic", will be passed to user space.
2025-11-01T18:20:24.129745+00:00 mozestibor-ThinkPad-T14-Gen-2a systemd[1]: Starting modprobe@dm_mod.service - Load Kernel Module dm_mod...
2025-11-01T18:20:24.129752+00:00 mozestibor-ThinkPad-T14-Gen-2a kernel: printk: log buffer data + meta data: 262144 + 917504 = 1179648 bytes
2025-11-01T18:20:24.129752+00:00 mozestibor-ThinkPad-T14-Gen-2a systemd[1]: Starting modprobe@efi_pstore.service - Load Kernel Module efi_pstore...
2025-11-01T18:20:24.129755+00:00 mozestibor-ThinkPad-T14-Gen-2a kernel: Dentry cache hash table entries: 2097152 (order: 12, 16777216 bytes, linear)
2025-11-01T18:20:24.129757+00:00 mozestibor-ThinkPad-T14-Gen-2a kernel: Inode-cache hash table entries: 1048576 (order: 11, 8388608 bytes, linear)
2025-11-01T18:20:24.129759+00:00 mozestibor-ThinkPad-T14-Gen-2a kernel: Fallback order for Node 0: 0 
2025-11-01T18:20:24.129762+00:00 mozestibor-ThinkPad-T14-Gen-2a kernel: Built 1 zonelists, mobility grouping on.  Total pages: 3886704
2025-11-01T18:20:24.129759+00:00 mozestibor-ThinkPad-T14-Gen-2a systemd[1]: Starting modprobe@loop.service - Load Kernel Module loop...
2025-11-01T18:20:24.129764+00:00 mozestibor-ThinkPad-T14-Gen-2a kernel: Policy zone: Normal
2025-11-01T18:20:24.129767+00:00 mozestibor-ThinkPad-T14-Gen-2a kernel: mem auto-init: stack:all(zero), heap alloc:on, heap free:off
2025-11-01T18:20:24.129767+00:00 mozestibor-ThinkPad-T14-Gen-2a systemd[1]: systemd-hwdb-update.service - Rebuild Hardware Database was skipped because no trigger condition checks were met.
2025-11-01T18:20:24.129775+00:00 mozestibor-ThinkPad-T14-Gen-2a kernel: software IO TLB: area num 16.
2025-11-01T18:20:24.129778+00:00 mozestibor-ThinkPad-T14-Gen-2a kernel: SLUB: HWalign=64, Order=0-3, MinObjects=0, CPUs=12, Nodes=1
2025-11-01T18:20:24.129780+00:00 mozestibor-ThinkPad-T14-Gen-2a kernel: ftrace: allocating 60404 entries in 236 pages
2025-11-01T18:20:24.129778+00:00 mozestibor-ThinkPad-T14-Gen-2a systemd[1]: systemd-pcrmachine.service - TPM2 PCR Machine ID Measurement was skipped because of an unmet condition check (ConditionSecurity=measured-uki).
2025-11-01T18:20:24.129782+00:00 mozestibor-ThinkPad-T14-Gen-2a kernel: ftrace: allocated 236 pages with 5 groups
2025-11-01T18:20:24.129784+00:00 mozestibor-ThinkPad-T14-Gen-2a kernel: Dynamic Preempt: voluntary
2025-11-01T18:20:24.129787+00:00 mozestibor-ThinkPad-T14-Gen-2a kernel: rcu: Preemptible hierarchical RCU implementation.
2025-11-01T18:20:24.129784+00:00 mozestibor-ThinkPad-T14-Gen-2a systemd[1]: systemd-tpm2-setup-early.service - TPM2 SRK Setup (Early) was skipped because of an unmet condition check (ConditionSecurity=measured-uki).
2025-11-01T18:20:24.129794+00:00 mozestibor-ThinkPad-T14-Gen-2a kernel: rcu: 	RCU restricting CPUs from NR_CPUS=8192 to nr_cpu_ids=12.
2025-11-01T18:20:24.129792+00:00 mozestibor-ThinkPad-T14-Gen-2a apparmor.systemd[723]: Reloading AppArmor profiles
2025-11-01T18:20:24.129797+00:00 mozestibor-ThinkPad-T14-Gen-2a kernel: 	Trampoline variant of Tasks RCU enabled.
2025-11-01T18:20:24.129799+00:00 mozestibor-ThinkPad-T14-Gen-2a kernel: 	Rude variant of Tasks RCU enabled.
2025-11-01T18:20:24.129801+00:00 mozestibor-ThinkPad-T14-Gen-2a kernel: 	Tracing variant of Tasks RCU enabled.
2025-11-01T18:20:24.129799+00:00 mozestibor-ThinkPad-T14-Gen-2a systemd[1]: systemd-tpm2-setup.service - TPM2 SRK Setup was skipped because of an unmet condition check (ConditionSecurity=measured-uki).
2025-11-01T18:20:24.129805+00:00 mozestibor-ThinkPad-T14-Gen-2a kernel: rcu: RCU calculated value of scheduler-enlistment delay is 100 jiffies.
2025-11-01T18:20:24.129807+00:00 mozestibor-ThinkPad-T14-Gen-2a kernel: rcu: Adjusting geometry for rcu_fanout_leaf=16, nr_cpu_ids=12
2025-11-01T18:20:24.129807+00:00 mozestibor-ThinkPad-T14-Gen-2a systemd[1]: Finished ufw.service - Uncomplicated firewall.
2025-11-01T18:20:24.129816+00:00 mozestibor-ThinkPad-T14-Gen-2a kernel: RCU Tasks: Setting shift to 4 and lim to 1 rcu_task_cb_adjust=1 rcu_task_cpu_ids=12.
2025-11-01T18:20:24.129818+00:00 mozestibor-ThinkPad-T14-Gen-2a kernel: RCU Tasks Rude: Setting shift to 4 and lim to 1 rcu_task_cb_adjust=1 rcu_task_cpu_ids=12.
2025-11-01T18:20:24.129820+00:00 mozestibor-ThinkPad-T14-Gen-2a kernel: RCU Tasks Trace: Setting shift to 4 and lim to 1 rcu_task_cb_adjust=1 rcu_task_cpu_ids=12.
2025-11-01T18:20:24.129818+00:00 mozestibor-ThinkPad-T14-Gen-2a systemd[1]: proc-sys-fs-binfmt_misc.automount: Got automount request for /proc/sys/fs/binfmt_misc, triggered by 727 (systemd-binfmt)
2025-11-01T18:20:24.129822+00:00 mozestibor-ThinkPad-T14-Gen-2a kernel: NR_IRQS: 524544, nr_irqs: 1064, preallocated irqs: 16
2025-11-01T18:20:24.129825+00:00 mozestibor-ThinkPad-T14-Gen-2a kernel: rcu: srcu_init: Setting srcu_struct sizes based on contention.
2025-11-01T18:20:24.129827+00:00 mozestibor-ThinkPad-T14-Gen-2a kernel: Console: colour dummy device 80x25
2025-11-01T18:20:24.129825+00:00 mozestibor-ThinkPad-T14-Gen-2a systemd[1]: Finished plymouth-read-write.service - Tell Plymouth To Write Out Runtime Data.
2025-11-01T18:20:24.129832+00:00 mozestibor-ThinkPad-T14-Gen-2a kernel: printk: legacy console [tty0] enabled
2025-11-01T18:20:24.129835+00:00 mozestibor-ThinkPad-T14-Gen-2a systemd[1]: Received SIGRTMIN+20 from PID 319 (plymouthd).
2025-11-01T18:20:24.129841+00:00 mozestibor-ThinkPad-T14-Gen-2a kernel: ACPI: Core revision 20240827
2025-11-01T18:20:24.129841+00:00 mozestibor-ThinkPad-T14-Gen-2a systemd[1]: modprobe@dm_mod.service: Deactivated successfully.
2025-11-01T18:20:24.129844+00:00 mozestibor-ThinkPad-T14-Gen-2a kernel: clocksource: hpet: mask: 0xffffffff max_cycles: 0xffffffff, max_idle_ns: 133484873504 ns
2025-11-01T18:20:24.129847+00:00 mozestibor-ThinkPad-T14-Gen-2a kernel: APIC: Switch to symmetric I/O mode setup
2025-11-01T18:20:24.129849+00:00 mozestibor-ThinkPad-T14-Gen-2a kernel: AMD-Vi: ivrs, add hid:AMDI0020, uid:\_SB.FUR0, rdevid:0xa0
2025-11-01T18:20:24.129851+00:00 mozestibor-ThinkPad-T14-Gen-2a kernel: AMD-Vi: ivrs, add hid:AMDI0020, uid:\_SB.FUR1, rdevid:0xa0
2025-11-01T18:20:24.129849+00:00 mozestibor-ThinkPad-T14-Gen-2a systemd[1]: Finished modprobe@dm_mod.service - Load Kernel Module dm_mod.
2025-11-01T18:20:24.129854+00:00 mozestibor-ThinkPad-T14-Gen-2a kernel: AMD-Vi: ivrs, add hid:AMDI0020, uid:\_SB.FUR2, rdevid:0xa0
2025-11-01T18:20:24.129857+00:00 mozestibor-ThinkPad-T14-Gen-2a systemd[1]: modprobe@efi_pstore.service: Deactivated successfully.
2025-11-01T18:20:24.129863+00:00 mozestibor-ThinkPad-T14-Gen-2a kernel: AMD-Vi: ivrs, add hid:AMDI0020, uid:\_SB.FUR3, rdevid:0xa0
2025-11-01T18:20:24.129866+00:00 mozestibor-ThinkPad-T14-Gen-2a kernel: AMD-Vi: Using global IVHD EFR:0x206d73ef22254ade, EFR2:0x0
2025-11-01T18:20:24.129867+00:00 mozestibor-ThinkPad-T14-Gen-2a kernel: ..TIMER: vector=0x30 apic1=0 pin1=2 apic2=-1 pin2=-1
2025-11-01T18:20:24.129867+00:00 mozestibor-ThinkPad-T14-Gen-2a systemd[1]: Finished modprobe@efi_pstore.service - Load Kernel Module efi_pstore.
2025-11-01T18:20:24.129870+00:00 mozestibor-ThinkPad-T14-Gen-2a kernel: clocksource: tsc-early: mask: 0xffffffffffffffff max_cycles: 0x211756414bd, max_idle_ns: 440795309582 ns
2025-11-01T18:20:24.129874+00:00 mozestibor-ThinkPad-T14-Gen-2a kernel: Calibrating delay loop (skipped), value calculated using timer frequency.. 4591.39 BogoMIPS (lpj=2295699)
2025-11-01T18:20:24.129877+00:00 mozestibor-ThinkPad-T14-Gen-2a kernel: x86/cpu: User Mode Instruction Prevention (UMIP) activated
2025-11-01T18:20:24.129874+00:00 mozestibor-ThinkPad-T14-Gen-2a mtp-probe: checking bus 5, device 2: "/sys/devices/pci0000:00/0000:00:02.7/0000:06:00.0/usb5/5-2"
2025-11-01T18:20:24.129885+00:00 mozestibor-ThinkPad-T14-Gen-2a kernel: LVT offset 1 assigned for vector 0xf9
2025-11-01T18:20:24.129883+00:00 mozestibor-ThinkPad-T14-Gen-2a mtp-probe: bus: 5, device: 2 was not an MTP device
2025-11-01T18:20:24.129887+00:00 mozestibor-ThinkPad-T14-Gen-2a kernel: LVT offset 2 assigned for vector 0xf4
2025-11-01T18:20:24.129890+00:00 mozestibor-ThinkPad-T14-Gen-2a kernel: Last level iTLB entries: 4KB 512, 2MB 512, 4MB 256
2025-11-01T18:20:24.129892+00:00 mozestibor-ThinkPad-T14-Gen-2a kernel: Last level dTLB entries: 4KB 2048, 2MB 2048, 4MB 1024, 1GB 0
2025-11-01T18:20:24.129890+00:00 mozestibor-ThinkPad-T14-Gen-2a systemd[1]: modprobe@loop.service: Deactivated successfully.
2025-11-01T18:20:24.129894+00:00 mozestibor-ThinkPad-T14-Gen-2a kernel: process: using mwait in idle threads
2025-11-01T18:20:24.129896+00:00 mozestibor-ThinkPad-T14-Gen-2a kernel: Spectre V1 : Mitigation: usercopy/swapgs barriers and __user pointer sanitization
2025-11-01T18:20:24.129898+00:00 mozestibor-ThinkPad-T14-Gen-2a kernel: Spectre V2 : Mitigation: Retpolines
2025-11-01T18:20:24.129896+00:00 mozestibor-ThinkPad-T14-Gen-2a systemd[1]: Finished modprobe@loop.service - Load Kernel Module loop.
2025-11-01T18:20:24.129904+00:00 mozestibor-ThinkPad-T14-Gen-2a kernel: Spectre V2 : Spectre v2 / SpectreRSB: Filling RSB on context switch and VMEXIT
2025-11-01T18:20:24.129906+00:00 mozestibor-ThinkPad-T14-Gen-2a kernel: Spectre V2 : Enabling Restricted Speculation for firmware calls
2025-11-01T18:20:24.129908+00:00 mozestibor-ThinkPad-T14-Gen-2a kernel: Spectre V2 : mitigation: Enabling conditional Indirect Branch Prediction Barrier
2025-11-01T18:20:24.129902+00:00 mozestibor-ThinkPad-T14-Gen-2a systemd[1]: Mounting proc-sys-fs-binfmt_misc.mount - Arbitrary Executable File Formats File System...
2025-11-01T18:20:24.129910+00:00 mozestibor-ThinkPad-T14-Gen-2a kernel: Spectre V2 : User space: Mitigation: STIBP always-on protection
2025-11-01T18:20:24.129912+00:00 mozestibor-ThinkPad-T14-Gen-2a kernel: Speculative Store Bypass: Mitigation: Speculative Store Bypass disabled via prctl
2025-11-01T18:20:24.129914+00:00 mozestibor-ThinkPad-T14-Gen-2a kernel: Speculative Return Stack Overflow: Mitigation: Safe RET
2025-11-01T18:20:24.129914+00:00 mozestibor-ThinkPad-T14-Gen-2a systemd[1]: systemd-pstore.service - Platform Persistent Storage Archival was skipped because of an unmet condition check (ConditionDirectoryNotEmpty=/sys/fs/pstore).
2025-11-01T18:20:24.129920+00:00 mozestibor-ThinkPad-T14-Gen-2a kernel: Transient Scheduler Attacks: Vulnerable: Clear CPU buffers attempted, no microcode
2025-11-01T18:20:24.129921+00:00 mozestibor-ThinkPad-T14-Gen-2a kernel: x86/fpu: Supporting XSAVE feature 0x001: 'x87 floating point registers'
2025-11-01T18:20:24.129923+00:00 mozestibor-ThinkPad-T14-Gen-2a kernel: x86/fpu: Supporting XSAVE feature 0x002: 'SSE registers'
2025-11-01T18:20:24.129921+00:00 mozestibor-ThinkPad-T14-Gen-2a systemd[1]: systemd-repart.service - Repartition Root Disk was skipped because no trigger condition checks were met.
2025-11-01T18:20:24.129925+00:00 mozestibor-ThinkPad-T14-Gen-2a kernel: x86/fpu: Supporting XSAVE feature 0x004: 'AVX registers'
2025-11-01T18:20:24.129927+00:00 mozestibor-ThinkPad-T14-Gen-2a kernel: x86/fpu: Supporting XSAVE feature 0x200: 'Protection Keys User registers'
2025-11-01T18:20:24.129929+00:00 mozestibor-ThinkPad-T14-Gen-2a kernel: x86/fpu: Supporting XSAVE feature 0x800: 'Control-flow User registers'
2025-11-01T18:20:24.129929+00:00 mozestibor-ThinkPad-T14-Gen-2a systemd[1]: Finished systemd-tmpfiles-setup.service - Create Volatile Files and Directories.
2025-11-01T18:20:24.129935+00:00 mozestibor-ThinkPad-T14-Gen-2a kernel: x86/fpu: xstate_offset[2]:  576, xstate_sizes[2]:  256
2025-11-01T18:20:24.129936+00:00 mozestibor-ThinkPad-T14-Gen-2a kernel: x86/fpu: xstate_offset[9]:  832, xstate_sizes[9]:    8
2025-11-01T18:20:24.129939+00:00 mozestibor-ThinkPad-T14-Gen-2a kernel: x86/fpu: xstate_offset[11]:  840, xstate_sizes[11]:   16
2025-11-01T18:20:24.129936+00:00 mozestibor-ThinkPad-T14-Gen-2a systemd[1]: Mounted proc-sys-fs-binfmt_misc.mount - Arbitrary Executable File Formats File System.
2025-11-01T18:20:24.129941+00:00 mozestibor-ThinkPad-T14-Gen-2a kernel: x86/fpu: Enabled xstate features 0xa07, context size is 856 bytes, using 'compacted' format.
2025-11-01T18:20:24.129943+00:00 mozestibor-ThinkPad-T14-Gen-2a kernel: Freeing SMP alternatives memory: 48K
2025-11-01T18:20:24.129944+00:00 mozestibor-ThinkPad-T14-Gen-2a kernel: pid_max: default: 32768 minimum: 301
2025-11-01T18:20:24.129946+00:00 mozestibor-ThinkPad-T14-Gen-2a kernel: LSM: initializing lsm=lockdown,capability,landlock,yama,apparmor,ima,evm
2025-11-01T18:20:24.129944+00:00 mozestibor-ThinkPad-T14-Gen-2a systemd[1]: Finished systemd-binfmt.service - Set Up Additional Binary Formats.
2025-11-01T18:20:24.129953+00:00 mozestibor-ThinkPad-T14-Gen-2a kernel: landlock: Up and running.
2025-11-01T18:20:24.129954+00:00 mozestibor-ThinkPad-T14-Gen-2a kernel: Yama: becoming mindful.
2025-11-01T18:20:24.129956+00:00 mozestibor-ThinkPad-T14-Gen-2a kernel: AppArmor: AppArmor initialized
2025-11-01T18:20:24.129954+00:00 mozestibor-ThinkPad-T14-Gen-2a systemd[1]: systemd-firstboot.service - First Boot Wizard was skipped because of an unmet condition check (ConditionFirstBoot=yes).
2025-11-01T18:20:24.129958+00:00 mozestibor-ThinkPad-T14-Gen-2a kernel: Mount-cache hash table entries: 32768 (order: 6, 262144 bytes, linear)
2025-11-01T18:20:24.129961+00:00 mozestibor-ThinkPad-T14-Gen-2a kernel: Mountpoint-cache hash table entries: 32768 (order: 6, 262144 bytes, linear)
2025-11-01T18:20:24.129962+00:00 mozestibor-ThinkPad-T14-Gen-2a kernel: smpboot: CPU0: AMD Ryzen 5 PRO 5650U with Radeon Graphics (family: 0x19, model: 0x50, stepping: 0x0)
2025-11-01T18:20:24.129962+00:00 mozestibor-ThinkPad-T14-Gen-2a systemd[1]: first-boot-complete.target - First Boot Complete was skipped because of an unmet condition check (ConditionFirstBoot=yes).
2025-11-01T18:20:24.129970+00:00 mozestibor-ThinkPad-T14-Gen-2a kernel: Performance Events: Fam17h+ core perfctr, AMD PMU driver.
2025-11-01T18:20:24.129970+00:00 mozestibor-ThinkPad-T14-Gen-2a systemd[1]: Starting systemd-journal-catalog-update.service - Rebuild Journal Catalog...
2025-11-01T18:20:24.129973+00:00 mozestibor-ThinkPad-T14-Gen-2a kernel: ... version:                0
2025-11-01T18:20:24.129975+00:00 mozestibor-ThinkPad-T14-Gen-2a kernel: ... bit width:              48
2025-11-01T18:20:24.129977+00:00 mozestibor-ThinkPad-T14-Gen-2a kernel: ... generic registers:      6
2025-11-01T18:20:24.129980+00:00 mozestibor-ThinkPad-T14-Gen-2a kernel: ... value mask:             0000ffffffffffff
2025-11-01T18:20:24.129977+00:00 mozestibor-ThinkPad-T14-Gen-2a systemd[1]: systemd-machine-id-commit.service - Commit a transient machine-id on disk was skipped because of an unmet condition check (ConditionPathIsMountPoint=/etc/machine-id).
2025-11-01T18:20:24.129982+00:00 mozestibor-ThinkPad-T14-Gen-2a kernel: ... max period:             00007fffffffffff
2025-11-01T18:20:24.129985+00:00 mozestibor-ThinkPad-T14-Gen-2a systemd[1]: Starting systemd-oomd.service - Userspace Out-Of-Memory (OOM) Killer...
2025-11-01T18:20:24.129991+00:00 mozestibor-ThinkPad-T14-Gen-2a kernel: ... fixed-purpose events:   0
2025-11-01T18:20:24.129994+00:00 mozestibor-ThinkPad-T14-Gen-2a kernel: ... event mask:             000000000000003f
2025-11-01T18:20:24.129995+00:00 mozestibor-ThinkPad-T14-Gen-2a kernel: signal: max sigframe size: 3376
2025-11-01T18:20:24.129998+00:00 mozestibor-ThinkPad-T14-Gen-2a kernel: rcu: Hierarchical SRCU implementation.
2025-11-01T18:20:24.130013+00:00 mozestibor-ThinkPad-T14-Gen-2a kernel: rcu: 	Max phase no-delay instances is 400.
2025-11-01T18:20:24.130015+00:00 mozestibor-ThinkPad-T14-Gen-2a kernel: Timer migration: 2 hierarchy levels; 8 children per group; 2 crossnode level
2025-11-01T18:20:24.130017+00:00 mozestibor-ThinkPad-T14-Gen-2a kernel: NMI watchdog: Enabled. Permanently consumes one hw-PMU counter.
2025-11-01T18:20:24.130026+00:00 mozestibor-ThinkPad-T14-Gen-2a kernel: smp: Bringing up secondary CPUs ...
2025-11-01T18:20:24.130027+00:00 mozestibor-ThinkPad-T14-Gen-2a kernel: smpboot: x86: Booting SMP configuration:
2025-11-01T18:20:24.130029+00:00 mozestibor-ThinkPad-T14-Gen-2a kernel: .... node  #0, CPUs:        #2  #4  #6  #8 #10  #1  #3  #5  #7  #9 #11
2025-11-01T18:20:24.130031+00:00 mozestibor-ThinkPad-T14-Gen-2a kernel: Spectre V2 : Update user space SMT mitigation: STIBP always-on
2025-11-01T18:20:24.130033+00:00 mozestibor-ThinkPad-T14-Gen-2a kernel: smp: Brought up 1 node, 12 CPUs
2025-11-01T18:20:24.130129+00:00 mozestibor-ThinkPad-T14-Gen-2a kernel: smpboot: Total of 12 processors activated (55096.77 BogoMIPS)
2025-11-01T18:20:24.130138+00:00 mozestibor-ThinkPad-T14-Gen-2a kernel: Memory: 15058812K/15546816K available (21451K kernel code, 4568K rwdata, 15064K rodata, 5140K init, 4432K bss, 466804K reserved, 0K cma-reserved)
2025-11-01T18:20:24.130140+00:00 mozestibor-ThinkPad-T14-Gen-2a kernel: devtmpfs: initialized
2025-11-01T18:20:24.130142+00:00 mozestibor-ThinkPad-T14-Gen-2a kernel: x86/mm: Memory block size: 128MB
2025-11-01T18:20:24.130145+00:00 mozestibor-ThinkPad-T14-Gen-2a kernel: ACPI: PM: Registering ACPI NVS region [mem 0x09f00000-0x09f0cfff] (53248 bytes)
2025-11-01T18:20:24.130146+00:00 mozestibor-ThinkPad-T14-Gen-2a kernel: ACPI: PM: Registering ACPI NVS region [mem 0xcaf7e000-0xcbf7dfff] (16777216 bytes)
2025-11-01T18:20:24.130148+00:00 mozestibor-ThinkPad-T14-Gen-2a kernel: clocksource: jiffies: mask: 0xffffffff max_cycles: 0xffffffff, max_idle_ns: 1911260446275000 ns
2025-11-01T18:20:24.130155+00:00 mozestibor-ThinkPad-T14-Gen-2a kernel: futex hash table entries: 4096 (order: 6, 262144 bytes, linear)
2025-11-01T18:20:24.130156+00:00 mozestibor-ThinkPad-T14-Gen-2a kernel: pinctrl core: initialized pinctrl subsystem
2025-11-01T18:20:24.130158+00:00 mozestibor-ThinkPad-T14-Gen-2a kernel: PM: RTC time: 18:20:13, date: 2025-11-01
2025-11-01T18:20:24.130160+00:00 mozestibor-ThinkPad-T14-Gen-2a kernel: NET: Registered PF_NETLINK/PF_ROUTE protocol family
2025-11-01T18:20:24.130162+00:00 mozestibor-ThinkPad-T14-Gen-2a kernel: DMA: preallocated 2048 KiB GFP_KERNEL pool for atomic allocations
2025-11-01T18:20:24.130164+00:00 mozestibor-ThinkPad-T14-Gen-2a kernel: DMA: preallocated 2048 KiB GFP_KERNEL|GFP_DMA pool for atomic allocations
2025-11-01T18:20:24.130166+00:00 mozestibor-ThinkPad-T14-Gen-2a kernel: DMA: preallocated 2048 KiB GFP_KERNEL|GFP_DMA32 pool for atomic allocations
2025-11-01T18:20:24.130174+00:00 mozestibor-ThinkPad-T14-Gen-2a kernel: audit: initializing netlink subsys (disabled)
2025-11-01T18:20:24.130176+00:00 mozestibor-ThinkPad-T14-Gen-2a kernel: audit: type=2000 audit(1762021213.167:1): state=initialized audit_enabled=0 res=1
2025-11-01T18:20:24.130178+00:00 mozestibor-ThinkPad-T14-Gen-2a kernel: thermal_sys: Registered thermal governor 'fair_share'
2025-11-01T18:20:24.130180+00:00 mozestibor-ThinkPad-T14-Gen-2a kernel: thermal_sys: Registered thermal governor 'bang_bang'
2025-11-01T18:20:24.130182+00:00 mozestibor-ThinkPad-T14-Gen-2a kernel: thermal_sys: Registered thermal governor 'step_wise'
2025-11-01T18:20:24.130184+00:00 mozestibor-ThinkPad-T14-Gen-2a kernel: thermal_sys: Registered thermal governor 'user_space'
2025-11-01T18:20:24.130192+00:00 mozestibor-ThinkPad-T14-Gen-2a kernel: thermal_sys: Registered thermal governor 'power_allocator'
2025-11-01T18:20:24.130194+00:00 mozestibor-ThinkPad-T14-Gen-2a kernel: cpuidle: using governor ladder
2025-11-01T18:20:24.130195+00:00 mozestibor-ThinkPad-T14-Gen-2a kernel: cpuidle: using governor menu
2025-11-01T18:20:24.130197+00:00 mozestibor-ThinkPad-T14-Gen-2a kernel: ACPI FADT declares the system doesn't support PCIe ASPM, so disable it
2025-11-01T18:20:24.130199+00:00 mozestibor-ThinkPad-T14-Gen-2a kernel: acpiphp: ACPI Hot Plug PCI Controller Driver version: 0.5
2025-11-01T18:20:24.130201+00:00 mozestibor-ThinkPad-T14-Gen-2a kernel: PCI: ECAM [mem 0xf8000000-0xfbffffff] (base 0xf8000000) for domain 0000 [bus 00-3f]
2025-11-01T18:20:24.130203+00:00 mozestibor-ThinkPad-T14-Gen-2a kernel: PCI: Using configuration type 1 for base access
2025-11-01T18:20:24.130216+00:00 mozestibor-ThinkPad-T14-Gen-2a kernel: kprobes: kprobe jump-optimization is enabled. All kprobes are optimized if possible.
2025-11-01T18:20:24.130218+00:00 mozestibor-ThinkPad-T14-Gen-2a kernel: HugeTLB: registered 1.00 GiB page size, pre-allocated 0 pages
2025-11-01T18:20:24.130220+00:00 mozestibor-ThinkPad-T14-Gen-2a kernel: HugeTLB: 16380 KiB vmemmap can be freed for a 1.00 GiB page
2025-11-01T18:20:24.130222+00:00 mozestibor-ThinkPad-T14-Gen-2a kernel: HugeTLB: registered 2.00 MiB page size, pre-allocated 0 pages
2025-11-01T18:20:24.130224+00:00 mozestibor-ThinkPad-T14-Gen-2a kernel: HugeTLB: 28 KiB vmemmap can be freed for a 2.00 MiB page
2025-11-01T18:20:24.130226+00:00 mozestibor-ThinkPad-T14-Gen-2a kernel: ACPI: Added _OSI(Module Device)
2025-11-01T18:20:24.130234+00:00 mozestibor-ThinkPad-T14-Gen-2a kernel: ACPI: Added _OSI(Processor Device)
2025-11-01T18:20:24.130236+00:00 mozestibor-ThinkPad-T14-Gen-2a kernel: ACPI: Added _OSI(Processor Aggregator Device)
2025-11-01T18:20:24.130238+00:00 mozestibor-ThinkPad-T14-Gen-2a kernel: ACPI: 16 ACPI AML tables successfully acquired and loaded
2025-11-01T18:20:24.130240+00:00 mozestibor-ThinkPad-T14-Gen-2a kernel: ACPI: [Firmware Bug]: BIOS _OSI(Linux) query ignored
2025-11-01T18:20:24.130242+00:00 mozestibor-ThinkPad-T14-Gen-2a kernel: ACPI: EC: EC started
2025-11-01T18:20:24.130244+00:00 mozestibor-ThinkPad-T14-Gen-2a kernel: ACPI: EC: interrupt blocked
2025-11-01T18:20:24.130252+00:00 mozestibor-ThinkPad-T14-Gen-2a kernel: ACPI: EC: EC_CMD/EC_SC=0x66, EC_DATA=0x62
2025-11-01T18:20:24.130254+00:00 mozestibor-ThinkPad-T14-Gen-2a kernel: ACPI: \_SB_.PCI0.LPC0.EC0_: Boot DSDT EC used to handle transactions
2025-11-01T18:20:24.130256+00:00 mozestibor-ThinkPad-T14-Gen-2a kernel: ACPI: Interpreter enabled
2025-11-01T18:20:24.130258+00:00 mozestibor-ThinkPad-T14-Gen-2a kernel: ACPI: PM: (supports S0 S4 S5)
2025-11-01T18:20:24.130260+00:00 mozestibor-ThinkPad-T14-Gen-2a kernel: ACPI: Using IOAPIC for interrupt routing
2025-11-01T18:20:24.130262+00:00 mozestibor-ThinkPad-T14-Gen-2a kernel: PCI: Using host bridge windows from ACPI; if necessary, use "pci=nocrs" and report a bug
2025-11-01T18:20:24.130264+00:00 mozestibor-ThinkPad-T14-Gen-2a kernel: PCI: Using E820 reservations for host bridge windows
2025-11-01T18:20:24.130271+00:00 mozestibor-ThinkPad-T14-Gen-2a kernel: ACPI: \_SB_.PCI0.GPP4.RTL8.P0U1: New power resource
2025-11-01T18:20:24.130274+00:00 mozestibor-ThinkPad-T14-Gen-2a kernel: ACPI: \_SB_.PCI0.GPP4.RTL8.P3U1: New power resource
2025-11-01T18:20:24.130276+00:00 mozestibor-ThinkPad-T14-Gen-2a kernel: ACPI: \_SB_.PCI0.GPP7.PXSX.WRST: New power resource
2025-11-01T18:20:24.130278+00:00 mozestibor-ThinkPad-T14-Gen-2a kernel: ACPI: \_SB_.PCI0.GPP8.P0NV: New power resource
2025-11-01T18:20:24.130279+00:00 mozestibor-ThinkPad-T14-Gen-2a kernel: ACPI: \_SB_.PCI0.GP17.XHC0.P0U0: New power resource
2025-11-01T18:20:24.130281+00:00 mozestibor-ThinkPad-T14-Gen-2a kernel: ACPI: \_SB_.PCI0.GP17.XHC0.P3U0: New power resource
2025-11-01T18:20:24.130288+00:00 mozestibor-ThinkPad-T14-Gen-2a kernel: ACPI: \_SB_.PCI0.GP17.XHC1.P0U1: New power resource
2025-11-01T18:20:24.130291+00:00 mozestibor-ThinkPad-T14-Gen-2a kernel: ACPI: \_SB_.PCI0.GP17.XHC1.P3U1: New power resource
2025-11-01T18:20:24.130293+00:00 mozestibor-ThinkPad-T14-Gen-2a kernel: ACPI: PCI Root Bridge [PCI0] (domain 0000 [bus 00-ff])
2025-11-01T18:20:24.130295+00:00 mozestibor-ThinkPad-T14-Gen-2a kernel: acpi PNP0A08:00: _OSC: OS supports [ExtendedConfig ASPM ClockPM Segments MSI EDR HPX-Type3]
2025-11-01T18:20:24.130297+00:00 mozestibor-ThinkPad-T14-Gen-2a kernel: acpi PNP0A08:00: _OSC: platform does not support [SHPCHotplug LTR DPC]
2025-11-01T18:20:24.130299+00:00 mozestibor-ThinkPad-T14-Gen-2a kernel: acpi PNP0A08:00: _OSC: OS now controls [PCIeHotplug PME AER PCIeCapability]
2025-11-01T18:20:24.130301+00:00 mozestibor-ThinkPad-T14-Gen-2a kernel: acpi PNP0A08:00: FADT indicates ASPM is unsupported, using BIOS configuration
2025-11-01T18:20:24.130312+00:00 mozestibor-ThinkPad-T14-Gen-2a kernel: acpi PNP0A08:00: [Firmware Info]: ECAM [mem 0xf8000000-0xfbffffff] for domain 0000 [bus 00-3f] only partially covers this bridge
2025-11-01T18:20:24.130315+00:00 mozestibor-ThinkPad-T14-Gen-2a kernel: PCI host bridge to bus 0000:00
2025-11-01T18:20:24.130317+00:00 mozestibor-ThinkPad-T14-Gen-2a kernel: pci_bus 0000:00: root bus resource [mem 0x000a0000-0x000effff window]
2025-11-01T18:20:24.130319+00:00 mozestibor-ThinkPad-T14-Gen-2a kernel: pci_bus 0000:00: root bus resource [mem 0xd0000000-0xf7ffffff window]
2025-11-01T18:20:24.130321+00:00 mozestibor-ThinkPad-T14-Gen-2a kernel: pci_bus 0000:00: root bus resource [mem 0xfc000000-0xfdffffff window]
2025-11-01T18:20:24.130323+00:00 mozestibor-ThinkPad-T14-Gen-2a kernel: pci_bus 0000:00: root bus resource [mem 0x430000000-0xffffffffff window]
2025-11-01T18:20:24.130330+00:00 mozestibor-ThinkPad-T14-Gen-2a kernel: pci_bus 0000:00: root bus resource [io  0x0000-0x0cf7 window]
2025-11-01T18:20:24.130332+00:00 mozestibor-ThinkPad-T14-Gen-2a kernel: pci_bus 0000:00: root bus resource [io  0x0d00-0xffff window]
2025-11-01T18:20:24.130334+00:00 mozestibor-ThinkPad-T14-Gen-2a kernel: pci_bus 0000:00: root bus resource [bus 00-ff]
2025-11-01T18:20:24.130337+00:00 mozestibor-ThinkPad-T14-Gen-2a kernel: pci 0000:00:00.0: [1022:1630] type 00 class 0x060000 conventional PCI endpoint
2025-11-01T18:20:24.130338+00:00 mozestibor-ThinkPad-T14-Gen-2a kernel: pci 0000:00:00.2: [1022:1631] type 00 class 0x080600 conventional PCI endpoint
2025-11-01T18:20:24.130340+00:00 mozestibor-ThinkPad-T14-Gen-2a kernel: pci 0000:00:01.0: [1022:1632] type 00 class 0x060000 conventional PCI endpoint
2025-11-01T18:20:24.130347+00:00 mozestibor-ThinkPad-T14-Gen-2a kernel: pci 0000:00:02.0: [1022:1632] type 00 class 0x060000 conventional PCI endpoint
2025-11-01T18:20:24.130350+00:00 mozestibor-ThinkPad-T14-Gen-2a kernel: pci 0000:00:02.1: [1022:1634] type 01 class 0x060400 PCIe Root Port
2025-11-01T18:20:24.130352+00:00 mozestibor-ThinkPad-T14-Gen-2a kernel: pci 0000:00:02.1: PCI bridge to [bus 01]
2025-11-01T18:20:24.130354+00:00 mozestibor-ThinkPad-T14-Gen-2a kernel: pci 0000:00:02.1:   bridge window [mem 0xfd900000-0xfd9fffff]
2025-11-01T18:20:24.130356+00:00 mozestibor-ThinkPad-T14-Gen-2a kernel: pci 0000:00:02.1: PME# supported from D0 D3hot D3cold
2025-11-01T18:20:24.130358+00:00 mozestibor-ThinkPad-T14-Gen-2a kernel: pci 0000:00:02.2: [1022:1634] type 01 class 0x060400 PCIe Root Port
2025-11-01T18:20:24.130360+00:00 mozestibor-ThinkPad-T14-Gen-2a kernel: pci 0000:00:02.2: PCI bridge to [bus 02]
2025-11-01T18:20:24.130367+00:00 mozestibor-ThinkPad-T14-Gen-2a kernel: pci 0000:00:02.2:   bridge window [io  0x4000-0x4fff]
2025-11-01T18:20:24.130369+00:00 mozestibor-ThinkPad-T14-Gen-2a kernel: pci 0000:00:02.2:   bridge window [mem 0xfd800000-0xfd8fffff]
2025-11-01T18:20:24.130371+00:00 mozestibor-ThinkPad-T14-Gen-2a kernel: pci 0000:00:02.2: PME# supported from D0 D3hot D3cold
2025-11-01T18:20:24.130373+00:00 mozestibor-ThinkPad-T14-Gen-2a kernel: pci 0000:00:02.3: [1022:1634] type 01 class 0x060400 PCIe Root Port
2025-11-01T18:20:24.130375+00:00 mozestibor-ThinkPad-T14-Gen-2a kernel: pci 0000:00:02.3: PCI bridge to [bus 03]
2025-11-01T18:20:24.130377+00:00 mozestibor-ThinkPad-T14-Gen-2a kernel: pci 0000:00:02.3:   bridge window [io  0x3000-0x3fff]
2025-11-01T18:20:24.130385+00:00 mozestibor-ThinkPad-T14-Gen-2a kernel: pci 0000:00:02.3:   bridge window [mem 0xfd700000-0xfd7fffff]
2025-11-01T18:20:24.130387+00:00 mozestibor-ThinkPad-T14-Gen-2a kernel: pci 0000:00:02.3: PME# supported from D0 D3hot D3cold
2025-11-01T18:20:24.130389+00:00 mozestibor-ThinkPad-T14-Gen-2a kernel: pci 0000:00:02.4: [1022:1634] type 01 class 0x060400 PCIe Root Port
2025-11-01T18:20:24.130392+00:00 mozestibor-ThinkPad-T14-Gen-2a kernel: pci 0000:00:02.4: PCI bridge to [bus 04]
2025-11-01T18:20:24.130394+00:00 mozestibor-ThinkPad-T14-Gen-2a kernel: pci 0000:00:02.4:   bridge window [mem 0xfd600000-0xfd6fffff]
2025-11-01T18:20:24.130396+00:00 mozestibor-ThinkPad-T14-Gen-2a kernel: pci 0000:00:02.4: PME# supported from D0 D3hot D3cold
2025-11-01T18:20:24.130403+00:00 mozestibor-ThinkPad-T14-Gen-2a kernel: pci 0000:00:02.6: [1022:1634] type 01 class 0x060400 PCIe Root Port
2025-11-01T18:20:24.130406+00:00 mozestibor-ThinkPad-T14-Gen-2a kernel: pci 0000:00:02.6: PCI bridge to [bus 05]
2025-11-01T18:20:24.130408+00:00 mozestibor-ThinkPad-T14-Gen-2a kernel: pci 0000:00:02.6:   bridge window [io  0x2000-0x2fff]
2025-11-01T18:20:24.130409+00:00 mozestibor-ThinkPad-T14-Gen-2a kernel: pci 0000:00:02.6:   bridge window [mem 0xfd500000-0xfd5fffff]
2025-11-01T18:20:24.130412+00:00 mozestibor-ThinkPad-T14-Gen-2a kernel: pci 0000:00:02.6: PME# supported from D0 D3hot D3cold
2025-11-01T18:20:24.130414+00:00 mozestibor-ThinkPad-T14-Gen-2a kernel: pci 0000:00:02.7: [1022:1634] type 01 class 0x060400 PCIe Root Port
2025-11-01T18:20:24.130416+00:00 mozestibor-ThinkPad-T14-Gen-2a kernel: pci 0000:00:02.7: PCI bridge to [bus 06]
2025-11-01T18:20:24.130423+00:00 mozestibor-ThinkPad-T14-Gen-2a kernel: pci 0000:00:02.7:   bridge window [mem 0xfd400000-0xfd4fffff]
2025-11-01T18:20:24.130425+00:00 mozestibor-ThinkPad-T14-Gen-2a kernel: pci 0000:00:02.7: PME# supported from D0 D3hot D3cold
2025-11-01T18:20:24.130427+00:00 mozestibor-ThinkPad-T14-Gen-2a kernel: pci 0000:00:08.0: [1022:1632] type 00 class 0x060000 conventional PCI endpoint
2025-11-01T18:20:24.130430+00:00 mozestibor-ThinkPad-T14-Gen-2a kernel: pci 0000:00:08.1: [1022:1635] type 01 class 0x060400 PCIe Root Port
2025-11-01T18:20:24.130431+00:00 mozestibor-ThinkPad-T14-Gen-2a kernel: pci 0000:00:08.1: PCI bridge to [bus 07]
2025-11-01T18:20:24.130433+00:00 mozestibor-ThinkPad-T14-Gen-2a kernel: pci 0000:00:08.1:   bridge window [io  0x1000-0x1fff]
2025-11-01T18:20:24.130439+00:00 mozestibor-ThinkPad-T14-Gen-2a kernel: pci 0000:00:08.1:   bridge window [mem 0xfd000000-0xfd3fffff]
2025-11-01T18:20:24.130542+00:00 mozestibor-ThinkPad-T14-Gen-2a kernel: pci 0000:00:08.1:   bridge window [mem 0x460000000-0x4701fffff 64bit pref]
2025-11-01T18:20:24.130543+00:00 mozestibor-ThinkPad-T14-Gen-2a kernel: pci 0000:00:08.1: enabling Extended Tags
2025-11-01T18:20:24.130545+00:00 mozestibor-ThinkPad-T14-Gen-2a kernel: pci 0000:00:08.1: PME# supported from D0 D3hot D3cold
2025-11-01T18:20:24.130547+00:00 mozestibor-ThinkPad-T14-Gen-2a kernel: pci 0000:00:14.0: [1022:790b] type 00 class 0x0c0500 conventional PCI endpoint
2025-11-01T18:20:24.130549+00:00 mozestibor-ThinkPad-T14-Gen-2a kernel: pci 0000:00:14.3: [1022:790e] type 00 class 0x060100 conventional PCI endpoint
2025-11-01T18:20:24.130551+00:00 mozestibor-ThinkPad-T14-Gen-2a kernel: pci 0000:00:18.0: [1022:166a] type 00 class 0x060000 conventional PCI endpoint
2025-11-01T18:20:24.130560+00:00 mozestibor-ThinkPad-T14-Gen-2a kernel: pci 0000:00:18.1: [1022:166b] type 00 class 0x060000 conventional PCI endpoint
2025-11-01T18:20:24.130562+00:00 mozestibor-ThinkPad-T14-Gen-2a kernel: pci 0000:00:18.2: [1022:166c] type 00 class 0x060000 conventional PCI endpoint
2025-11-01T18:20:24.130563+00:00 mozestibor-ThinkPad-T14-Gen-2a kernel: pci 0000:00:18.3: [1022:166d] type 00 class 0x060000 conventional PCI endpoint
2025-11-01T18:20:24.130565+00:00 mozestibor-ThinkPad-T14-Gen-2a kernel: pci 0000:00:18.4: [1022:166e] type 00 class 0x060000 conventional PCI endpoint
2025-11-01T18:20:24.130567+00:00 mozestibor-ThinkPad-T14-Gen-2a kernel: pci 0000:00:18.5: [1022:166f] type 00 class 0x060000 conventional PCI endpoint
2025-11-01T18:20:24.130569+00:00 mozestibor-ThinkPad-T14-Gen-2a kernel: pci 0000:00:18.6: [1022:1670] type 00 class 0x060000 conventional PCI endpoint
2025-11-01T18:20:24.130576+00:00 mozestibor-ThinkPad-T14-Gen-2a kernel: pci 0000:00:18.7: [1022:1671] type 00 class 0x060000 conventional PCI endpoint
2025-11-01T18:20:24.130579+00:00 mozestibor-ThinkPad-T14-Gen-2a kernel: pci 0000:01:00.0: [15b7:5006] type 00 class 0x010802 PCIe Endpoint
2025-11-01T18:20:24.130581+00:00 mozestibor-ThinkPad-T14-Gen-2a kernel: pci 0000:01:00.0: BAR 0 [mem 0xfd900000-0xfd903fff 64bit]
2025-11-01T18:20:24.130583+00:00 mozestibor-ThinkPad-T14-Gen-2a kernel: pci 0000:01:00.0: BAR 4 [mem 0xfd904000-0xfd9040ff 64bit]
2025-11-01T18:20:24.130585+00:00 mozestibor-ThinkPad-T14-Gen-2a kernel: pci 0000:00:02.1: PCI bridge to [bus 01]
2025-11-01T18:20:24.130586+00:00 mozestibor-ThinkPad-T14-Gen-2a kernel: pci 0000:02:00.0: [10ec:8168] type 00 class 0x020000 PCIe Endpoint
2025-11-01T18:20:24.130594+00:00 mozestibor-ThinkPad-T14-Gen-2a kernel: pci 0000:02:00.0: BAR 0 [io  0x4000-0x40ff]
2025-11-01T18:20:24.130596+00:00 mozestibor-ThinkPad-T14-Gen-2a kernel: pci 0000:02:00.0: BAR 2 [mem 0xfd804000-0xfd804fff 64bit]
2025-11-01T18:20:24.130598+00:00 mozestibor-ThinkPad-T14-Gen-2a kernel: pci 0000:02:00.0: BAR 4 [mem 0xfd800000-0xfd803fff 64bit]
2025-11-01T18:20:24.130600+00:00 mozestibor-ThinkPad-T14-Gen-2a kernel: pci 0000:02:00.0: supports D1 D2
2025-11-01T18:20:24.130602+00:00 mozestibor-ThinkPad-T14-Gen-2a kernel: pci 0000:02:00.0: PME# supported from D0 D1 D2 D3hot D3cold
2025-11-01T18:20:24.130604+00:00 mozestibor-ThinkPad-T14-Gen-2a kernel: pci 0000:00:02.2: PCI bridge to [bus 02]
2025-11-01T18:20:24.130606+00:00 mozestibor-ThinkPad-T14-Gen-2a kernel: pci 0000:03:00.0: [10ec:8852] type 00 class 0x028000 PCIe Endpoint
2025-11-01T18:20:24.130614+00:00 mozestibor-ThinkPad-T14-Gen-2a kernel: pci 0000:03:00.0: BAR 0 [io  0x3000-0x30ff]
2025-11-01T18:20:24.130616+00:00 mozestibor-ThinkPad-T14-Gen-2a kernel: pci 0000:03:00.0: BAR 2 [mem 0xfd700000-0xfd7fffff 64bit]
2025-11-01T18:20:24.130618+00:00 mozestibor-ThinkPad-T14-Gen-2a kernel: pci 0000:03:00.0: supports D1 D2
2025-11-01T18:20:24.130620+00:00 mozestibor-ThinkPad-T14-Gen-2a kernel: pci 0000:03:00.0: PME# supported from D0 D1 D2 D3hot D3cold
2025-11-01T18:20:24.130622+00:00 mozestibor-ThinkPad-T14-Gen-2a kernel: pci 0000:00:02.3: PCI bridge to [bus 03]
2025-11-01T18:20:24.130624+00:00 mozestibor-ThinkPad-T14-Gen-2a kernel: pci 0000:04:00.0: [10ec:522a] type 00 class 0xff0000 PCIe Endpoint
2025-11-01T18:20:24.130631+00:00 mozestibor-ThinkPad-T14-Gen-2a kernel: pci 0000:04:00.0: BAR 0 [mem 0xfd600000-0xfd600fff]
2025-11-01T18:20:24.130633+00:00 mozestibor-ThinkPad-T14-Gen-2a kernel: pci 0000:04:00.0: supports D1 D2
2025-11-01T18:20:24.130634+00:00 mozestibor-ThinkPad-T14-Gen-2a kernel: pci 0000:04:00.0: PME# supported from D1 D2 D3hot D3cold
2025-11-01T18:20:24.130637+00:00 mozestibor-ThinkPad-T14-Gen-2a kernel: pci 0000:00:02.4: PCI bridge to [bus 04]
2025-11-01T18:20:24.130639+00:00 mozestibor-ThinkPad-T14-Gen-2a kernel: pci 0000:05:00.0: [10ec:8168] type 00 class 0x020000 PCIe Endpoint
2025-11-01T18:20:24.130641+00:00 mozestibor-ThinkPad-T14-Gen-2a kernel: pci 0000:05:00.0: BAR 0 [io  0x2000-0x20ff]
2025-11-01T18:20:24.130642+00:00 mozestibor-ThinkPad-T14-Gen-2a kernel: pci 0000:05:00.0: BAR 2 [mem 0xfd504000-0xfd504fff 64bit]
2025-11-01T18:20:24.130650+00:00 mozestibor-ThinkPad-T14-Gen-2a kernel: pci 0000:05:00.0: BAR 4 [mem 0xfd500000-0xfd503fff 64bit]
2025-11-01T18:20:24.130652+00:00 mozestibor-ThinkPad-T14-Gen-2a kernel: pci 0000:05:00.0: supports D1 D2
2025-11-01T18:20:24.130654+00:00 mozestibor-ThinkPad-T14-Gen-2a kernel: pci 0000:05:00.0: PME# supported from D0 D1 D2 D3hot D3cold
2025-11-01T18:20:24.130656+00:00 mozestibor-ThinkPad-T14-Gen-2a kernel: pci 0000:00:02.6: PCI bridge to [bus 05]
2025-11-01T18:20:24.130658+00:00 mozestibor-ThinkPad-T14-Gen-2a kernel: pci 0000:06:00.0: [1912:0015] type 00 class 0x0c0330 PCIe Endpoint
2025-11-01T18:20:24.130660+00:00 mozestibor-ThinkPad-T14-Gen-2a kernel: pci 0000:06:00.0: BAR 0 [mem 0xfd400000-0xfd401fff 64bit]
2025-11-01T18:20:24.130668+00:00 mozestibor-ThinkPad-T14-Gen-2a kernel: pci 0000:06:00.0: PME# supported from D0 D3hot D3cold
2025-11-01T18:20:24.130670+00:00 mozestibor-ThinkPad-T14-Gen-2a kernel: pci 0000:00:02.7: PCI bridge to [bus 06]
2025-11-01T18:20:24.130672+00:00 mozestibor-ThinkPad-T14-Gen-2a kernel: pci 0000:07:00.0: [1002:1638] type 00 class 0x030000 PCIe Legacy Endpoint
2025-11-01T18:20:24.130674+00:00 mozestibor-ThinkPad-T14-Gen-2a kernel: pci 0000:07:00.0: BAR 0 [mem 0x460000000-0x46fffffff 64bit pref]
2025-11-01T18:20:24.130676+00:00 mozestibor-ThinkPad-T14-Gen-2a kernel: pci 0000:07:00.0: BAR 2 [mem 0x470000000-0x4701fffff 64bit pref]
2025-11-01T18:20:24.130678+00:00 mozestibor-ThinkPad-T14-Gen-2a kernel: pci 0000:07:00.0: BAR 4 [io  0x1000-0x10ff]
2025-11-01T18:20:24.130685+00:00 mozestibor-ThinkPad-T14-Gen-2a kernel: pci 0000:07:00.0: BAR 5 [mem 0xfd300000-0xfd37ffff]
2025-11-01T18:20:24.130688+00:00 mozestibor-ThinkPad-T14-Gen-2a kernel: pci 0000:07:00.0: enabling Extended Tags
2025-11-01T18:20:24.130690+00:00 mozestibor-ThinkPad-T14-Gen-2a kernel: pci 0000:07:00.0: PME# supported from D1 D2 D3hot D3cold
2025-11-01T18:20:24.130691+00:00 mozestibor-ThinkPad-T14-Gen-2a kernel: pci 0000:07:00.1: [1002:1637] type 00 class 0x040300 PCIe Legacy Endpoint
2025-11-01T18:20:24.130693+00:00 mozestibor-ThinkPad-T14-Gen-2a kernel: pci 0000:07:00.1: BAR 0 [mem 0xfd3c8000-0xfd3cbfff]
2025-11-01T18:20:24.130694+00:00 mozestibor-ThinkPad-T14-Gen-2a kernel: pci 0000:07:00.1: enabling Extended Tags
2025-11-01T18:20:24.130696+00:00 mozestibor-ThinkPad-T14-Gen-2a kernel: pci 0000:07:00.1: PME# supported from D1 D2 D3hot D3cold
2025-11-01T18:20:24.130703+00:00 mozestibor-ThinkPad-T14-Gen-2a kernel: pci 0000:07:00.2: [1022:15df] type 00 class 0x108000 PCIe Endpoint
2025-11-01T18:20:24.130705+00:00 mozestibor-ThinkPad-T14-Gen-2a kernel: pci 0000:07:00.2: BAR 2 [mem 0xfd200000-0xfd2fffff]
2025-11-01T18:20:24.130706+00:00 mozestibor-ThinkPad-T14-Gen-2a kernel: pci 0000:07:00.2: BAR 5 [mem 0xfd3cc000-0xfd3cdfff]
2025-11-01T18:20:24.130708+00:00 mozestibor-ThinkPad-T14-Gen-2a kernel: pci 0000:07:00.2: enabling Extended Tags
2025-11-01T18:20:24.130709+00:00 mozestibor-ThinkPad-T14-Gen-2a kernel: pci 0000:07:00.3: [1022:1639] type 00 class 0x0c0330 PCIe Endpoint
2025-11-01T18:20:24.130711+00:00 mozestibor-ThinkPad-T14-Gen-2a kernel: pci 0000:07:00.3: BAR 0 [mem 0xfd000000-0xfd0fffff 64bit]
2025-11-01T18:20:24.130719+00:00 mozestibor-ThinkPad-T14-Gen-2a kernel: pci 0000:07:00.3: enabling Extended Tags
2025-11-01T18:20:24.130721+00:00 mozestibor-ThinkPad-T14-Gen-2a kernel: pci 0000:07:00.3: PME# supported from D0 D3hot D3cold
2025-11-01T18:20:24.130723+00:00 mozestibor-ThinkPad-T14-Gen-2a kernel: pci 0000:07:00.4: [1022:1639] type 00 class 0x0c0330 PCIe Endpoint
2025-11-01T18:20:24.130725+00:00 mozestibor-ThinkPad-T14-Gen-2a kernel: pci 0000:07:00.4: BAR 0 [mem 0xfd100000-0xfd1fffff 64bit]
2025-11-01T18:20:24.130727+00:00 mozestibor-ThinkPad-T14-Gen-2a kernel: pci 0000:07:00.4: enabling Extended Tags
2025-11-01T18:20:24.130729+00:00 mozestibor-ThinkPad-T14-Gen-2a kernel: pci 0000:07:00.4: PME# supported from D0 D3hot D3cold
2025-11-01T18:20:24.130730+00:00 mozestibor-ThinkPad-T14-Gen-2a kernel: pci 0000:07:00.5: [1022:15e2] type 00 class 0x048000 PCIe Endpoint
2025-11-01T18:20:24.130738+00:00 mozestibor-ThinkPad-T14-Gen-2a kernel: pci 0000:07:00.5: BAR 0 [mem 0xfd380000-0xfd3bffff]
2025-11-01T18:20:24.130740+00:00 mozestibor-ThinkPad-T14-Gen-2a kernel: pci 0000:07:00.5: enabling Extended Tags
2025-11-01T18:20:24.130742+00:00 mozestibor-ThinkPad-T14-Gen-2a kernel: pci 0000:07:00.5: PME# supported from D0 D3hot D3cold
2025-11-01T18:20:24.130744+00:00 mozestibor-ThinkPad-T14-Gen-2a kernel: pci 0000:07:00.6: [1022:15e3] type 00 class 0x040300 PCIe Endpoint
2025-11-01T18:20:24.130746+00:00 mozestibor-ThinkPad-T14-Gen-2a kernel: pci 0000:07:00.6: BAR 0 [mem 0xfd3c0000-0xfd3c7fff]
2025-11-01T18:20:24.130747+00:00 mozestibor-ThinkPad-T14-Gen-2a kernel: pci 0000:07:00.6: enabling Extended Tags
2025-11-01T18:20:24.130755+00:00 mozestibor-ThinkPad-T14-Gen-2a kernel: pci 0000:07:00.6: PME# supported from D0 D3hot D3cold
2025-11-01T18:20:24.130757+00:00 mozestibor-ThinkPad-T14-Gen-2a kernel: pci 0000:00:08.1: PCI bridge to [bus 07]
2025-11-01T18:20:24.130758+00:00 mozestibor-ThinkPad-T14-Gen-2a kernel: ACPI: PCI: Interrupt link LNKA configured for IRQ 0
2025-11-01T18:20:24.130760+00:00 mozestibor-ThinkPad-T14-Gen-2a kernel: ACPI: PCI: Interrupt link LNKB configured for IRQ 0
2025-11-01T18:20:24.130761+00:00 mozestibor-ThinkPad-T14-Gen-2a kernel: ACPI: PCI: Interrupt link LNKC configured for IRQ 0
2025-11-01T18:20:24.130763+00:00 mozestibor-ThinkPad-T14-Gen-2a kernel: ACPI: PCI: Interrupt link LNKD configured for IRQ 0
2025-11-01T18:20:24.130770+00:00 mozestibor-ThinkPad-T14-Gen-2a kernel: ACPI: PCI: Interrupt link LNKE configured for IRQ 0
2025-11-01T18:20:24.130771+00:00 mozestibor-ThinkPad-T14-Gen-2a kernel: ACPI: PCI: Interrupt link LNKF configured for IRQ 0
2025-11-01T18:20:24.130773+00:00 mozestibor-ThinkPad-T14-Gen-2a kernel: ACPI: PCI: Interrupt link LNKG configured for IRQ 0
2025-11-01T18:20:24.130775+00:00 mozestibor-ThinkPad-T14-Gen-2a kernel: ACPI: PCI: Interrupt link LNKH configured for IRQ 0
2025-11-01T18:20:24.130777+00:00 mozestibor-ThinkPad-T14-Gen-2a kernel: Low-power S0 idle used by default for system suspend
2025-11-01T18:20:24.130779+00:00 mozestibor-ThinkPad-T14-Gen-2a kernel: ACPI: EC: interrupt unblocked
2025-11-01T18:20:24.130781+00:00 mozestibor-ThinkPad-T14-Gen-2a kernel: ACPI: EC: event unblocked
2025-11-01T18:20:24.130788+00:00 mozestibor-ThinkPad-T14-Gen-2a kernel: ACPI: EC: EC_CMD/EC_SC=0x66, EC_DATA=0x62
2025-11-01T18:20:24.130789+00:00 mozestibor-ThinkPad-T14-Gen-2a kernel: ACPI: EC: GPE=0x3
2025-11-01T18:20:24.130791+00:00 mozestibor-ThinkPad-T14-Gen-2a kernel: ACPI: \_SB_.PCI0.LPC0.EC0_: Boot DSDT EC initialization complete
2025-11-01T18:20:24.130793+00:00 mozestibor-ThinkPad-T14-Gen-2a kernel: ACPI: \_SB_.PCI0.LPC0.EC0_: EC: Used to handle transactions and events
2025-11-01T18:20:24.130795+00:00 mozestibor-ThinkPad-T14-Gen-2a kernel: iommu: Default domain type: Translated
2025-11-01T18:20:24.130796+00:00 mozestibor-ThinkPad-T14-Gen-2a kernel: iommu: DMA domain TLB invalidation policy: lazy mode
2025-11-01T18:20:24.130803+00:00 mozestibor-ThinkPad-T14-Gen-2a kernel: SCSI subsystem initialized
2025-11-01T18:20:24.130805+00:00 mozestibor-ThinkPad-T14-Gen-2a kernel: libata version 3.00 loaded.
2025-11-01T18:20:24.130807+00:00 mozestibor-ThinkPad-T14-Gen-2a kernel: ACPI: bus type USB registered
2025-11-01T18:20:24.130809+00:00 mozestibor-ThinkPad-T14-Gen-2a kernel: usbcore: registered new interface driver usbfs
2025-11-01T18:20:24.130811+00:00 mozestibor-ThinkPad-T14-Gen-2a kernel: usbcore: registered new interface driver hub
2025-11-01T18:20:24.130813+00:00 mozestibor-ThinkPad-T14-Gen-2a kernel: usbcore: registered new device driver usb
2025-11-01T18:20:24.130814+00:00 mozestibor-ThinkPad-T14-Gen-2a kernel: pps_core: LinuxPPS API ver. 1 registered
2025-11-01T18:20:24.130821+00:00 mozestibor-ThinkPad-T14-Gen-2a kernel: pps_core: Software ver. 5.3.6 - Copyright 2005-2007 Rodolfo Giometti <giometti@linux.it>
2025-11-01T18:20:24.130823+00:00 mozestibor-ThinkPad-T14-Gen-2a kernel: PTP clock support registered
2025-11-01T18:20:24.130824+00:00 mozestibor-ThinkPad-T14-Gen-2a kernel: EDAC MC: Ver: 3.0.0
2025-11-01T18:20:24.130881+00:00 mozestibor-ThinkPad-T14-Gen-2a kernel: efivars: Registered efivars operations
2025-11-01T18:20:24.130885+00:00 mozestibor-ThinkPad-T14-Gen-2a kernel: NetLabel: Initializing
2025-11-01T18:20:24.130888+00:00 mozestibor-ThinkPad-T14-Gen-2a kernel: NetLabel:  domain hash size = 128
2025-11-01T18:20:24.130891+00:00 mozestibor-ThinkPad-T14-Gen-2a kernel: NetLabel:  protocols = UNLABELED CIPSOv4 CALIPSO
2025-11-01T18:20:24.130892+00:00 mozestibor-ThinkPad-T14-Gen-2a kernel: NetLabel:  unlabeled traffic allowed by default
2025-11-01T18:20:24.130895+00:00 mozestibor-ThinkPad-T14-Gen-2a kernel: mctp: management component transport protocol core
2025-11-01T18:20:24.130897+00:00 mozestibor-ThinkPad-T14-Gen-2a kernel: NET: Registered PF_MCTP protocol family
2025-11-01T18:20:24.130899+00:00 mozestibor-ThinkPad-T14-Gen-2a kernel: PCI: Using ACPI for IRQ routing
2025-11-01T18:20:24.130901+00:00 mozestibor-ThinkPad-T14-Gen-2a kernel: PCI: pci_cache_line_size set to 64 bytes
2025-11-01T18:20:24.131024+00:00 mozestibor-ThinkPad-T14-Gen-2a kernel: e820: reserve RAM buffer [mem 0x0009f000-0x0009ffff]
2025-11-01T18:20:24.131026+00:00 mozestibor-ThinkPad-T14-Gen-2a kernel: e820: reserve RAM buffer [mem 0x09c00000-0x0bffffff]
2025-11-01T18:20:24.131028+00:00 mozestibor-ThinkPad-T14-Gen-2a kernel: e820: reserve RAM buffer [mem 0x09f00000-0x0bffffff]
2025-11-01T18:20:24.131030+00:00 mozestibor-ThinkPad-T14-Gen-2a kernel: e820: reserve RAM buffer [mem 0x97945018-0x97ffffff]
2025-11-01T18:20:24.131032+00:00 mozestibor-ThinkPad-T14-Gen-2a kernel: e820: reserve RAM buffer [mem 0xc0aec000-0xc3ffffff]
2025-11-01T18:20:24.131033+00:00 mozestibor-ThinkPad-T14-Gen-2a kernel: e820: reserve RAM buffer [mem 0xc1c95000-0xc3ffffff]
2025-11-01T18:20:24.131035+00:00 mozestibor-ThinkPad-T14-Gen-2a kernel: e820: reserve RAM buffer [mem 0xc4d7e000-0xc7ffffff]
2025-11-01T18:20:24.131037+00:00 mozestibor-ThinkPad-T14-Gen-2a kernel: e820: reserve RAM buffer [mem 0xce000000-0xcfffffff]
2025-11-01T18:20:24.131039+00:00 mozestibor-ThinkPad-T14-Gen-2a kernel: e820: reserve RAM buffer [mem 0x3ee300000-0x3efffffff]
2025-11-01T18:20:24.131041+00:00 mozestibor-ThinkPad-T14-Gen-2a kernel: pci 0000:07:00.0: vgaarb: setting as boot VGA device
2025-11-01T18:20:24.131042+00:00 mozestibor-ThinkPad-T14-Gen-2a kernel: pci 0000:07:00.0: vgaarb: bridge control possible
2025-11-01T18:20:24.131044+00:00 mozestibor-ThinkPad-T14-Gen-2a kernel: pci 0000:07:00.0: vgaarb: VGA device added: decodes=io+mem,owns=none,locks=none
2025-11-01T18:20:24.131046+00:00 mozestibor-ThinkPad-T14-Gen-2a kernel: vgaarb: loaded
2025-11-01T18:20:24.131047+00:00 mozestibor-ThinkPad-T14-Gen-2a kernel: hpet0: at MMIO 0xfed00000, IRQs 2, 8, 0
2025-11-01T18:20:24.131049+00:00 mozestibor-ThinkPad-T14-Gen-2a kernel: hpet0: 3 comparators, 32-bit 14.318180 MHz counter
2025-11-01T18:20:24.131051+00:00 mozestibor-ThinkPad-T14-Gen-2a kernel: clocksource: Switched to clocksource tsc-early
2025-11-01T18:20:24.131053+00:00 mozestibor-ThinkPad-T14-Gen-2a kernel: VFS: Disk quotas dquot_6.6.0
2025-11-01T18:20:24.131055+00:00 mozestibor-ThinkPad-T14-Gen-2a kernel: VFS: Dquot-cache hash table entries: 512 (order 0, 4096 bytes)
2025-11-01T18:20:24.131056+00:00 mozestibor-ThinkPad-T14-Gen-2a kernel: AppArmor: AppArmor Filesystem Enabled
2025-11-01T18:20:24.131058+00:00 mozestibor-ThinkPad-T14-Gen-2a kernel: pnp: PnP ACPI init
2025-11-01T18:20:24.131060+00:00 mozestibor-ThinkPad-T14-Gen-2a kernel: system 00:00: [mem 0xfec00000-0xfec01fff] could not be reserved
2025-11-01T18:20:24.131062+00:00 mozestibor-ThinkPad-T14-Gen-2a kernel: system 00:00: [mem 0xfee00000-0xfee00fff] has been reserved
2025-11-01T18:20:24.131064+00:00 mozestibor-ThinkPad-T14-Gen-2a kernel: system 00:00: [mem 0xf8000000-0xfbffffff] has been reserved
2025-11-01T18:20:24.131065+00:00 mozestibor-ThinkPad-T14-Gen-2a kernel: system 00:02: [io  0x0400-0x04cf] has been reserved
2025-11-01T18:20:24.131067+00:00 mozestibor-ThinkPad-T14-Gen-2a kernel: system 00:02: [io  0x04d0-0x04d1] has been reserved
2025-11-01T18:20:24.131069+00:00 mozestibor-ThinkPad-T14-Gen-2a kernel: system 00:02: [io  0x04d6] has been reserved
2025-11-01T18:20:24.131071+00:00 mozestibor-ThinkPad-T14-Gen-2a kernel: system 00:02: [io  0x0c00-0x0c01] has been reserved
2025-11-01T18:20:24.131073+00:00 mozestibor-ThinkPad-T14-Gen-2a kernel: system 00:02: [io  0x0c14] has been reserved
2025-11-01T18:20:24.131074+00:00 mozestibor-ThinkPad-T14-Gen-2a kernel: system 00:02: [io  0x0c50-0x0c52] has been reserved
2025-11-01T18:20:24.131076+00:00 mozestibor-ThinkPad-T14-Gen-2a kernel: system 00:02: [io  0x0c6c] has been reserved
2025-11-01T18:20:24.131078+00:00 mozestibor-ThinkPad-T14-Gen-2a kernel: system 00:02: [io  0x0c6f] has been reserved
2025-11-01T18:20:24.131080+00:00 mozestibor-ThinkPad-T14-Gen-2a kernel: system 00:02: [io  0x0cd0-0x0cdb] has been reserved
2025-11-01T18:20:24.131082+00:00 mozestibor-ThinkPad-T14-Gen-2a kernel: system 00:03: [mem 0x000e0000-0x000fffff] could not be reserved
2025-11-01T18:20:24.131083+00:00 mozestibor-ThinkPad-T14-Gen-2a kernel: system 00:03: [mem 0x00000000-0x01ffffff] could not be reserved
2025-11-01T18:20:24.131085+00:00 mozestibor-ThinkPad-T14-Gen-2a kernel: system 00:03: [mem 0xfec10000-0xfec1001f] has been reserved
2025-11-01T18:20:24.131087+00:00 mozestibor-ThinkPad-T14-Gen-2a kernel: system 00:03: [mem 0xfed00000-0xfed003ff] has been reserved
2025-11-01T18:20:24.131089+00:00 mozestibor-ThinkPad-T14-Gen-2a kernel: system 00:03: [mem 0xfed61000-0xfed613ff] has been reserved
2025-11-01T18:20:24.131091+00:00 mozestibor-ThinkPad-T14-Gen-2a kernel: system 00:03: [mem 0xfed80000-0xfed80fff] has been reserved
2025-11-01T18:20:24.131093+00:00 mozestibor-ThinkPad-T14-Gen-2a kernel: pnp: PnP ACPI: found 6 devices
2025-11-01T18:20:24.131095+00:00 mozestibor-ThinkPad-T14-Gen-2a kernel: clocksource: acpi_pm: mask: 0xffffff max_cycles: 0xffffff, max_idle_ns: 2085701024 ns
2025-11-01T18:20:24.131096+00:00 mozestibor-ThinkPad-T14-Gen-2a kernel: NET: Registered PF_INET protocol family
2025-11-01T18:20:24.131098+00:00 mozestibor-ThinkPad-T14-Gen-2a kernel: IP idents hash table entries: 262144 (order: 9, 2097152 bytes, linear)
2025-11-01T18:20:24.131100+00:00 mozestibor-ThinkPad-T14-Gen-2a kernel: tcp_listen_portaddr_hash hash table entries: 8192 (order: 5, 131072 bytes, linear)
2025-11-01T18:20:24.131102+00:00 mozestibor-ThinkPad-T14-Gen-2a kernel: Table-perturb hash table entries: 65536 (order: 6, 262144 bytes, linear)
2025-11-01T18:20:24.131103+00:00 mozestibor-ThinkPad-T14-Gen-2a kernel: TCP established hash table entries: 131072 (order: 8, 1048576 bytes, linear)
2025-11-01T18:20:24.131105+00:00 mozestibor-ThinkPad-T14-Gen-2a kernel: TCP bind hash table entries: 65536 (order: 9, 2097152 bytes, linear)
2025-11-01T18:20:24.131107+00:00 mozestibor-ThinkPad-T14-Gen-2a kernel: TCP: Hash tables configured (established 131072 bind 65536)
2025-11-01T18:20:24.131109+00:00 mozestibor-ThinkPad-T14-Gen-2a kernel: MPTCP token hash table entries: 16384 (order: 6, 393216 bytes, linear)
2025-11-01T18:20:24.131111+00:00 mozestibor-ThinkPad-T14-Gen-2a kernel: UDP hash table entries: 8192 (order: 7, 524288 bytes, linear)
2025-11-01T18:20:24.131113+00:00 mozestibor-ThinkPad-T14-Gen-2a kernel: UDP-Lite hash table entries: 8192 (order: 7, 524288 bytes, linear)
2025-11-01T18:20:24.131114+00:00 mozestibor-ThinkPad-T14-Gen-2a kernel: NET: Registered PF_UNIX/PF_LOCAL protocol family
2025-11-01T18:20:24.131116+00:00 mozestibor-ThinkPad-T14-Gen-2a kernel: NET: Registered PF_XDP protocol family
2025-11-01T18:20:24.131118+00:00 mozestibor-ThinkPad-T14-Gen-2a kernel: pci 0000:00:02.3: bridge window [mem 0x00100000-0x000fffff 64bit pref] to [bus 03] add_size 200000 add_align 100000
2025-11-01T18:20:24.131120+00:00 mozestibor-ThinkPad-T14-Gen-2a kernel: pci 0000:00:02.3: bridge window [mem 0x430000000-0x4301fffff 64bit pref]: assigned
2025-11-01T18:20:24.131121+00:00 mozestibor-ThinkPad-T14-Gen-2a kernel: pci 0000:00:02.1: PCI bridge to [bus 01]
2025-11-01T18:20:24.131123+00:00 mozestibor-ThinkPad-T14-Gen-2a kernel: pci 0000:00:02.1:   bridge window [mem 0xfd900000-0xfd9fffff]
2025-11-01T18:20:24.131125+00:00 mozestibor-ThinkPad-T14-Gen-2a kernel: pci 0000:00:02.2: PCI bridge to [bus 02]
2025-11-01T18:20:24.131127+00:00 mozestibor-ThinkPad-T14-Gen-2a kernel: pci 0000:00:02.2:   bridge window [io  0x4000-0x4fff]
2025-11-01T18:20:24.131128+00:00 mozestibor-ThinkPad-T14-Gen-2a kernel: pci 0000:00:02.2:   bridge window [mem 0xfd800000-0xfd8fffff]
2025-11-01T18:20:24.131130+00:00 mozestibor-ThinkPad-T14-Gen-2a kernel: pci 0000:00:02.3: PCI bridge to [bus 03]
